Component: ARM Compiler 5.06 update 1 (build 61) Tool: armlink [4d35a8]

==============================================================================

Section Cross References

    main.o(.text) refers to lcd.o(.text) for LCD_Clear
    main.o(.text) refers to delay.o(.text) for delay_ms
    main.o(.text) refers to main.o(.data) for GB_24
    main.o(.text) refers to touch.o(.data) for tp_dev
    main.o(.text) refers to lcd.o(.bss) for lcddev
    main.o(.text) refers to main.o(.bss) for map
    main.o(.text) refers to lcd.o(.data) for POINT_COLOR
    main.o(.text) refers to dflt_clz.o(x$fpl$dfltu) for __aeabi_ui2d
    main.o(.text) refers to daddsub_clz.o(x$fpl$dsub) for __aeabi_dsub
    main.o(.text) refers to drleqf.o(x$fpl$drleqf) for __aeabi_cdrcmple
    main.o(.text) refers to daddsub_clz.o(x$fpl$dadd) for __aeabi_dadd
    main.o(.text) refers to dleqf.o(x$fpl$dleqf) for __aeabi_cdcmple
    main.o(.text) refers to exit.o(.text) for exit
    main.o(.text) refers to rt_memclr.o(.text) for __aeabi_memclr
    main.o(.text) refers to key.o(.text) for KEY_Scan
    main.o(.text) refers to misc.o(.text) for NVIC_PriorityGroupConfig
    main.o(.text) refers to usart.o(.text) for uart_init
    main.o(.text) refers to led.o(.text) for LED_Init
    system_stm32f10x.o(.text) refers to system_stm32f10x.o(.data) for SystemCoreClock
    led.o(.text) refers to stm32f10x_rcc.o(.text) for RCC_APB2PeriphClockCmd
    led.o(.text) refers to stm32f10x_gpio.o(.text) for GPIO_Init
    key.o(.text) refers to stm32f10x_rcc.o(.text) for RCC_APB2PeriphClockCmd
    key.o(.text) refers to stm32f10x_gpio.o(.text) for GPIO_Init
    key.o(.text) refers to delay.o(.text) for delay_ms
    key.o(.text) refers to key.o(.data) for key_up
    lcd.o(.text) refers to delay.o(.text) for delay_us
    lcd.o(.text) refers to lcd.o(.bss) for lcddev
    lcd.o(.text) refers to lcd.o(.data) for POINT_COLOR
    lcd.o(.text) refers to dflt_clz.o(x$fpl$dfltu) for __aeabi_ui2d
    lcd.o(.text) refers to dmul.o(x$fpl$dmul) for __aeabi_dmul
    lcd.o(.text) refers to dfixu.o(x$fpl$dfixu) for __aeabi_d2uiz
    lcd.o(.text) refers to stm32f10x_rcc.o(.text) for RCC_AHBPeriphClockCmd
    lcd.o(.text) refers to stm32f10x_gpio.o(.text) for GPIO_Init
    lcd.o(.text) refers to stm32f10x_fsmc.o(.text) for FSMC_NORSRAMInit
    lcd.o(.text) refers to lcd.o(.constdata) for asc2_1206
    myiic.o(.text) refers to stm32f10x_rcc.o(.text) for RCC_APB2PeriphClockCmd
    myiic.o(.text) refers to stm32f10x_gpio.o(.text) for GPIO_Init
    myiic.o(.text) refers to delay.o(.text) for delay_us
    24cxx.o(.text) refers to myiic.o(.text) for IIC_Init
    24cxx.o(.text) refers to delay.o(.text) for delay_ms
    spi.o(.text) refers to stm32f10x_spi.o(.text) for SPI_I2S_GetFlagStatus
    spi.o(.text) refers to stm32f10x_rcc.o(.text) for RCC_APB2PeriphClockCmd
    spi.o(.text) refers to stm32f10x_gpio.o(.text) for GPIO_Init
    w25qxx.o(.text) refers to _printf_percent.o(.ARM.Collect$$_printf_percent$$00000000) for _printf_percent
    w25qxx.o(.text) refers to _printf_x.o(.ARM.Collect$$_printf_percent$$0000000C) for _printf_x
    w25qxx.o(.text) refers to _printf_hex_int.o(.text) for _printf_longlong_hex
    w25qxx.o(.text) refers to spi.o(.text) for SPI2_ReadWriteByte
    w25qxx.o(.text) refers to stm32f10x_rcc.o(.text) for RCC_APB2PeriphClockCmd
    w25qxx.o(.text) refers to stm32f10x_gpio.o(.text) for GPIO_Init
    w25qxx.o(.text) refers to noretval__2printf.o(.text) for __2printf
    w25qxx.o(.text) refers to delay.o(.text) for delay_us
    w25qxx.o(.text) refers to w25qxx.o(.data) for W25QXX_TYPE
    w25qxx.o(.text) refers to w25qxx.o(.bss) for W25QXX_BUFFER
    touch.o(.text) refers to delay.o(.text) for delay_us
    touch.o(.text) refers to lcd.o(.text) for LCD_DrawLine
    touch.o(.text) refers to fflt_clz.o(x$fpl$fflt) for __aeabi_i2f
    touch.o(.text) refers to fflt_clz.o(x$fpl$ffltu) for __aeabi_ui2f
    touch.o(.text) refers to fmul.o(x$fpl$fmul) for __aeabi_fmul
    touch.o(.text) refers to faddsub_clz.o(x$fpl$fadd) for __aeabi_fadd
    touch.o(.text) refers to ffixu.o(x$fpl$ffixu) for __aeabi_f2uiz
    touch.o(.text) refers to 24cxx.o(.text) for AT24CXX_Write
    touch.o(.text) refers to touch.o(.data) for CMD_RDX
    touch.o(.text) refers to lcd.o(.data) for POINT_COLOR
    touch.o(.text) refers to dflt_clz.o(x$fpl$dfltu) for __aeabi_ui2d
    touch.o(.text) refers to sqrt.o(i.sqrt) for sqrt
    touch.o(.text) refers to dfixu.o(x$fpl$dfixu) for __aeabi_d2uiz
    touch.o(.text) refers to fdiv.o(x$fpl$fdiv) for __aeabi_fdiv
    touch.o(.text) refers to f2d.o(x$fpl$f2d) for __aeabi_f2d
    touch.o(.text) refers to dleqf.o(x$fpl$dleqf) for __aeabi_cdcmple
    touch.o(.text) refers to drleqf.o(x$fpl$drleqf) for __aeabi_cdrcmple
    touch.o(.text) refers to lcd.o(.bss) for lcddev
    touch.o(.text) refers to touch.o(.constdata) for TP_REMIND_MSG_TBL
[...]
    ..\CORE\core_cm3.c                       0x00000000   Number         0  core_cm3.o ABSOLUTE
    ..\CORE\startup_stm32f10x_hd.s           0x00000000   Number         0  startup_stm32f10x_hd.o ABSOLUTE
    ..\HARDWARE\24CXX\24cxx.c                0x00000000   Number         0  24cxx.o ABSOLUTE
    ..\HARDWARE\IIC\myiic.c                  0x00000000   Number         0  myiic.o ABSOLUTE
    ..\HARDWARE\KEY\key.c                    0x00000000   Number         0  key.o ABSOLUTE
    ..\HARDWARE\LCD\lcd.c                    0x00000000   Number         0  lcd.o ABSOLUTE
    ..\HARDWARE\LED\led.c                    0x00000000   Number         0  led.o ABSOLUTE
    ..\HARDWARE\SPI\spi.c                    0x00000000   Number         0  spi.o ABSOLUTE
    ..\HARDWARE\TOUCH\ctiic.c                0x00000000   Number         0  ctiic.o ABSOLUTE
    ..\HARDWARE\TOUCH\ft5206.c               0x00000000   Number         0  ft5206.o ABSOLUTE
    ..\HARDWARE\TOUCH\gt9147.c               0x00000000   Number         0  gt9147.o ABSOLUTE
    ..\HARDWARE\TOUCH\ott2001a.c             0x00000000   Number         0  ott2001a.o ABSOLUTE
    ..\HARDWARE\TOUCH\touch.c                0x00000000   Number         0  touch.o ABSOLUTE
    ..\HARDWARE\W25QXX\w25qxx.c              0x00000000   Number         0  w25qxx.o ABSOLUTE
    ..\STM32F10x_FWLib\src\misc.c            0x00000000   Number         0  misc.o ABSOLUTE
    ..\STM32F10x_FWLib\src\stm32f10x_fsmc.c  0x00000000   Number         0  stm32f10x_fsmc.o ABSOLUTE
    ..\STM32F10x_FWLib\src\stm32f10x_gpio.c  0x00000000   Number         0  stm32f10x_gpio.o ABSOLUTE
    ..\STM32F10x_FWLib\src\stm32f10x_rcc.c   0x00000000   Number         0  stm32f10x_rcc.o ABSOLUTE
    ..\STM32F10x_FWLib\src\stm32f10x_spi.c   0x00000000   Number         0  stm32f10x_spi.o ABSOLUTE
    ..\STM32F10x_FWLib\src\stm32f10x_usart.c 0x00000000   Number         0  stm32f10x_usart.o ABSOLUTE
    ..\SYSTEM\delay\delay.c                  0x00000000   Number         0  delay.o ABSOLUTE
    ..\SYSTEM\sys\sys.c                      0x00000000   Number         0  sys.o ABSOLUTE
    ..\SYSTEM\usart\usart.c                  0x00000000   Number         0  usart.o ABSOLUTE
    ..\\CORE\\core_cm3.c                     0x00000000   Number         0  core_cm3.o ABSOLUTE
    ..\\SYSTEM\\sys\\sys.c                   0x00000000   Number         0  sys.o ABSOLUTE
    dc.s                                     0x00000000   Number         0  dc.o ABSOLUTE
    main.c                                   0x00000000   Number         0  main.o ABSOLUTE
    stm32f10x_it.c                           0x00000000   Number         0  stm32f10x_it.o ABSOLUTE
    system_stm32f10x.c                       0x00000000   Number         0  system_stm32f10x.o ABSOLUTE
    RESET                                    0x08000000   Section      304  startup_stm32f10x_hd.o(RESET)
    !!!main                                  0x08000130   Section        8  __main.o(!!!main)
    !!!scatter                               0x08000138   Section       52  __scatter.o(!!!scatter)
    !!dclz77c                                0x0800016c   Section      100  __dclz77c.o(!!dclz77c)
    !!handler_zi                             0x080001d0   Section       28  __scatter_zi.o(!!handler_zi)
    .ARM.Collect$$_printf_percent$$00000000  0x080001ec   Section        0  _printf_percent.o(.ARM.Collect$$_printf_percent$$00000000)
    .ARM.Collect$$_printf_percent$$00000009  0x080001ec   Section        6  _printf_d.o(.ARM.Collect$$_printf_percent$$00000009)
    .ARM.Collect$$_printf_percent$$0000000C  0x080001f2   Section        6  _printf_x.o(.ARM.Collect$$_printf_percent$$0000000C)
    .ARM.Collect$$_printf_percent$$00000014  0x080001f8   Section        6  _printf_s.o(.ARM.Collect$$_printf_percent$$00000014)
    .ARM.Collect$$_printf_percent$$00000017  0x080001fe   Section        4  _printf_percent_end.o(.ARM.Collect$$_printf_percent$$00000017)
    .ARM.Collect$$libinit$$00000000          0x08000202   Section        2  libinit.o(.ARM.Collect$$libinit$$00000000)
    .ARM.Collect$$libinit$$00000002          0x08000204   Section        0  libinit2.o(.ARM.Collect$$libinit$$00000002)
    .ARM.Collect$$libinit$$00000004          0x08000204   Section        0  libinit2.o(.ARM.Collect$$libinit$$00000004)
    .ARM.Collect$$libinit$$0000000A          0x08000204   Section        0  libinit2.o(.ARM.Collect$$libinit$$0000000A)
    .ARM.Collect$$libinit$$0000000C          0x08000204   Section        0  libinit2.o(.ARM.Collect$$libinit$$0000000C)
    .ARM.Collect$$libinit$$0000000E          0x08000204   Section        0  libinit2.o(.ARM.Collect$$libinit$$0000000E)
    .ARM.Collect$$libinit$$00000011          0x08000204   Section        0  libinit2.o(.ARM.Collect$$libinit$$00000011)
    .ARM.Collect$$libinit$$00000013          0x08000204   Section        0  libinit2.o(.ARM.Collect$$libinit$$00000013)
    .ARM.Collect$$libinit$$00000015          0x08000204   Section        0  libinit2.o(.ARM.Collect$$libinit$$00000015)
    .ARM.Collect$$libinit$$00000017          0x08000204   Section        0  libinit2.o(.ARM.Collect$$libinit$$00000017)
    .ARM.Collect$$libinit$$00000019          0x08000204   Section        0  libinit2.o(.ARM.Collect$$libinit$$00000019)
    .ARM.Collect$$libinit$$0000001B          0x08000204   Section        0  libinit2.o(.ARM.Collect$$libinit$$0000001B)
    .ARM.Collect$$libinit$$0000001D          0x08000204   Section        0  libinit2.o(.ARM.Collect$$libinit$$0000001D)
    .ARM.Collect$$libinit$$0000001F          0x08000204   Section        0  libinit2.o(.ARM.Collect$$libinit$$0000001F)
    .ARM.Collect$$libinit$$00000021          0x08000204   Section        0  libinit2.o(.ARM.Collect$$libinit$$00000021)
    .ARM.Collect$$libinit$$00000023          0x08000204   Section        0  libinit2.o(.ARM.Collect$$libinit$$00000023)
    .ARM.Collect$$libinit$$00000025          0x08000204   Section        0  libinit2.o(.ARM.Collect$$libinit$$00000025)
    .ARM.Collect$$libinit$$0000002C          0x08000204   Section        0  libinit2.o(.ARM.Collect$$libinit$$0000002C)
    .ARM.Collect$$libinit$$0000002E          0x08000204   Section        0  libinit2.o(.ARM.Collect$$libinit$$0000002E)
    .ARM.Collect$$libinit$$00000030          0x08000204   Section        0  libinit2.o(.ARM.Collect$$libinit$$00000030)
    .ARM.Collect$$libinit$$00000032          0x08000204   Section        0  libinit2.o(.ARM.Collect$$libinit$$00000032)
    .ARM.Collect$$libinit$$00000033          0x08000204   Section        2  libinit2.o(.ARM.Collect$$libinit$$00000033)
    .ARM.Collect$$libshutdown$$00000000      0x08000206   Section        2  libshutdown.o(.ARM.Collect$$libshutdown$$00000000)
    .ARM.Collect$$libshutdown$$00000002      0x08000208   Section        0  libshutdown2.o(.ARM.Collect$$libshutdown$$00000002)
    .ARM.Collect$$libshutdown$$00000004      0x08000208   Section        0  libshutdown2.o(.ARM.Collect$$libshutdown$$00000004)
    .ARM.Collect$$libshutdown$$00000007      0x08000208   Section        0  libshutdown2.o(.ARM.Collect$$libshutdown$$00000007)
    .ARM.Collect$$libshutdown$$0000000A      0x08000208   Section        0  libshutdown2.o(.ARM.Collect$$libshutdown$$0000000A)
    .ARM.Collect$$libshutdown$$0000000C      0x08000208   Section        0  libshutdown2.o(.ARM.Collect$$libshutdown$$0000000C)
    .ARM.Collect$$libshutdown$$0000000F      0x08000208   Section        0  libshutdown2.o(.ARM.Collect$$libshutdown$$0000000F)
    .ARM.Collect$$libshutdown$$00000010      0x08000208   Section        2  libshutdown2.o(.ARM.Collect$$libshutdown$$00000010)
    .ARM.Collect$$rtentry$$00000000          0x0800020a   Section        0  __rtentry.o(.ARM.Collect$$rtentry$$00000000)
    .ARM.Collect$$rtentry$$00000002          0x0800020a   Section        0  __rtentry2.o(.ARM.Collect$$rtentry$$00000002)
    .ARM.Collect$$rtentry$$00000004          0x0800020a   Section        6  __rtentry4.o(.ARM.Collect$$rtentry$$00000004)
    .ARM.Collect$$rtentry$$00000009          0x08000210   Section        0  __rtentry2.o(.ARM.Collect$$rtentry$$00000009)
    .ARM.Collect$$rtentry$$0000000A          0x08000210   Section        4  __rtentry2.o(.ARM.Collect$$rtentry$$0000000A)
    .ARM.Collect$$rtentry$$0000000C          0x08000214   Section        0  __rtentry2.o(.ARM.Collect$$rtentry$$0000000C)
    .ARM.Collect$$rtentry$$0000000D          0x08000214   Section        8  __rtentry2.o(.ARM.Collect$$rtentry$$0000000D)
    .ARM.Collect$$rtexit$$00000000           0x0800021c   Section        2  rtexit.o(.ARM.Collect$$rtexit$$00000000)
    .ARM.Collect$$rtexit$$00000002           0x0800021e   Section        0  rtexit2.o(.ARM.Collect$$rtexit$$00000002)
    .ARM.Collect$$rtexit$$00000003           0x0800021e   Section        4  rtexit2.o(.ARM.Collect$$rtexit$$00000003)
    .ARM.Collect$$rtexit$$00000004           0x08000222   Section        6  rtexit2.o(.ARM.Collect$$rtexit$$00000004)
    .text                                    0x08000228   Section        0  main.o(.text)
    .text                                    0x08001234   Section        0  stm32f10x_it.o(.text)
    .text                                    0x08001250   Section        0  system_stm32f10x.o(.text)
    SetSysClockTo72                          0x08001251   Thumb Code   214  system_stm32f10x.o(.text)
    SetSysClock                              0x08001327   Thumb Code     8  system_stm32f10x.o(.text)
    .text                                    0x08001430   Section        0  led.o(.text)
    .text                                    0x0800147c   Section        0  key.o(.text)
    .text                                    0x08001554   Section        0  lcd.o(.text)
    .text                                    0x0800605c   Section        0  myiic.o(.text)
    .text                                    0x080062c8   Section        0  24cxx.o(.text)
    .text                                    0x08006444   Section        0  touch.o(.text)
    .text                                    0x080073f8   Section        0  ctiic.o(.text)
    .text                                    0x0800767c   Section        0  ott2001a.o(.text)
    .text                                    0x080079e8   Section        0  ft5206.o(.text)
    .text                                    0x08007d20   Section        0  gt9147.o(.text)
    .text                                    0x08008178   Section        0  delay.o(.text)
    .text                                    0x0800824c   Section        0  usart.o(.text)
    .text                                    0x0800838c   Section       64  startup_stm32f10x_hd.o(.text)
    .text                                    0x080083cc   Section        0  misc.o(.text)
    .text                                    0x080084a8   Section        0  stm32f10x_fsmc.o(.text)
    .text                                    0x08008ab4   Section        0  stm32f10x_gpio.o(.text)
    .text                                    0x08008e10   Section        0  stm32f10x_rcc.o(.text)
    .text                                    0x080091b4   Section        0  stm32f10x_usart.o(.text)
    .text                                    0x080095bc   Section        2  use_no_semi_2.o(.text)
    .text                                    0x080095c0   Section        0  noretval__2printf.o(.text)
    .text                                    0x080095d8   Section        0  __printf.o(.text)
    .text                                    0x08009640   Section        0  _printf_str.o(.text)
    .text                                    0x08009694   Section        0  _printf_dec.o(.text)
    .text                                    0x0800970c   Section        0  _printf_hex_int.o(.text)
    .text                                    0x08009764   Section        0  exit.o(.text)
    .text                                    0x08009776   Section       68  rt_memclr.o(.text)
    .text                                    0x080097bc   Section      128  strcmpv7m.o(.text)
    .text                                    0x0800983c   Section        0  heapauxi.o(.text)
    .text                                    0x08009842   Section        2  use_no_semi.o(.text)
    .text                                    0x08009844   Section        0  _rserrno.o(.text)
    .text                                    0x0800985a   Section        0  _printf_intcommon.o(.text)
    .text                                    0x0800990c   Section        0  _printf_char.o(.text)
    .text                                    0x08009938   Section        0  _printf_char_file.o(.text)
    .text                                    0x0800995c   Section       78  rt_memclr_w.o(.text)
    .text                                    0x080099ac   Section        8  rt_errno_addr_intlibspace.o(.text)
    .text                                    0x080099b4   Section        0  _printf_char_common.o(.text)
    _printf_input_char                       0x080099b5   Thumb Code    10  _printf_char_common.o(.text)
    .text                                    0x080099e4   Section        0  ferror.o(.text)
    .text                                    0x080099ec   Section        8  libspace.o(.text)
    .text                                    0x080099f4   Section       74  sys_stackheap_outer.o(.text)
    i.sqrt                                   0x08009a3e   Section        0  sqrt.o(i.sqrt)
    x$fpl$dadd                               0x08009a8c   Section      336  daddsub_clz.o(x$fpl$dadd)
    _dadd1                                   0x08009a9d   Thumb Code     0  daddsub_clz.o(x$fpl$dadd)
    x$fpl$dcmpinf                            0x08009bdc   Section       24  dcmpi.o(x$fpl$dcmpinf)
    x$fpl$dfixu                              0x08009bf4   Section       90  dfixu.o(x$fpl$dfixu)
    x$fpl$dflt                               0x08009c4e   Section       46  dflt_clz.o(x$fpl$dflt)
    x$fpl$dfltu                              0x08009c7c   Section       38  dflt_clz.o(x$fpl$dfltu)
    x$fpl$dleqf                              0x08009ca4   Section      120  dleqf.o(x$fpl$dleqf)
    x$fpl$dmul                               0x08009d1c   Section      340  dmul.o(x$fpl$dmul)
    x$fpl$dnaninf                            0x08009e70   Section      156  dnaninf.o(x$fpl$dnaninf)
    x$fpl$dretinf                            0x08009f0c   Section       12  dretinf.o(x$fpl$dretinf)
    x$fpl$drleqf                             0x08009f18   Section      108  drleqf.o(x$fpl$drleqf)
    x$fpl$drsb                               0x08009f84   Section       22  daddsub_clz.o(x$fpl$drsb)
    x$fpl$dsqrt                              0x08009f9c   Section      460  dsqrt_noumaal.o(x$fpl$dsqrt)
    x$fpl$dsub                               0x0800a168   Section      468  daddsub_clz.o(x$fpl$dsub)
    _dsub1                                   0x0800a179   Thumb Code     0  daddsub_clz.o(x$fpl$dsub)
    x$fpl$f2d                                0x0800a33c   Section       86  f2d.o(x$fpl$f2d)
    x$fpl$fadd                               0x0800a394   Section      196  faddsub_clz.o(x$fpl$fadd)
    _fadd1                                   0x0800a3a3   Thumb Code     0  faddsub_clz.o(x$fpl$fadd)
    x$fpl$fdiv                               0x0800a458   Section      388  fdiv.o(x$fpl$fdiv)
    _fdiv1                                   0x0800a459   Thumb Code     0  fdiv.o(x$fpl$fdiv)
    x$fpl$ffix                               0x0800a5dc   Section       54  ffix.o(x$fpl$ffix)
    x$fpl$ffixu                              0x0800a614   Section       62  ffixu.o(x$fpl$ffixu)
    x$fpl$fflt                               0x0800a654   Section       48  fflt_clz.o(x$fpl$fflt)
    x$fpl$ffltu                              0x0800a684   Section       38  fflt_clz.o(x$fpl$ffltu)
    x$fpl$fmul                               0x0800a6ac   Section      258  fmul.o(x$fpl$fmul)
    x$fpl$fnaninf                            0x0800a7ae   Section      140  fnaninf.o(x$fpl$fnaninf)
    x$fpl$fretinf                            0x0800a83a   Section       10  fretinf.o(x$fpl$fretinf)
    x$fpl$fsub                               0x0800a844   Section      234  faddsub_clz.o(x$fpl$fsub)
    _fsub1                                   0x0800a853   Thumb Code     0  faddsub_clz.o(x$fpl$fsub)
    .constdata                               0x0800a92e   Section     6080  lcd.o(.constdata)
    x$fpl$usenofp                            0x0800a92e   Section        0  usenofp.o(x$fpl$usenofp)
    .constdata                               0x0800c0f0   Section        4  touch.o(.constdata)
    .constdata                               0x0800c0f4   Section       10  ott2001a.o(.constdata)
    .constdata                               0x0800c0fe   Section       10  ft5206.o(.constdata)
    .constdata                               0x0800c108   Section      194  gt9147.o(.constdata)
    .constdata                               0x0800c1ca   Section       40  _printf_hex_int.o(.constdata)
    uc_hextab                                0x0800c1ca   Data          20  _printf_hex_int.o(.constdata)
    lc_hextab                                0x0800c1de   Data          20  _printf_hex_int.o(.constdata)
    .conststring                             0x0800c1f4   Section      121  touch.o(.conststring)
    .data                                    0x20000000   Section     3248  main.o(.data)
    .data                                    0x20000cb0   Section       20  system_stm32f10x.o(.data)
    .data                                    0x20000cc4   Section        1  key.o(.data)
    key_up                                   0x20000cc4   Data           1  key.o(.data)
    .data                                    0x20000cc6   Section        4  lcd.o(.data)
    .data                                    0x20000ccc   Section       54  touch.o(.data)
    .data                                    0x20000d02   Section        1  ott2001a.o(.data)
    t                                        0x20000d02   Data           1  ott2001a.o(.data)
    .data                                    0x20000d03   Section        1  ft5206.o(.data)
    t                                        0x20000d03   Data           1  ft5206.o(.data)
    .data                                    0x20000d04   Section        1  gt9147.o(.data)
    t                                        0x20000d04   Data           1  gt9147.o(.data)
    .data                                    0x20000d06   Section        4  delay.o(.data)
    fac_us                                   0x20000d06   Data           1  delay.o(.data)
    fac_ms                                   0x20000d08   Data           2  delay.o(.data)
    .data                                    0x20000d0c   Section        6  usart.o(.data)
    .data                                    0x20000d12   Section       20  stm32f10x_rcc.o(.data)
    APBAHBPrescTable                         0x20000d12   Data          16  stm32f10x_rcc.o(.data)
    ADCPrescTable                            0x20000d22   Data           4  stm32f10x_rcc.o(.data)
    .bss                                     0x20000d28   Section      225  main.o(.bss)
    .bss                                     0x20000e0a   Section       14  lcd.o(.bss)
    .bss                                     0x20000e18   Section      200  usart.o(.bss)
    .bss                                     0x20000ee0   Section       96  libspace.o(.bss)
    HEAP                                     0x20000f40   Section      512  startup_stm32f10x_hd.o(HEAP)
    Heap_Mem                                 0x20000f40   Data         512  startup_stm32f10x_hd.o(HEAP)
    STACK                                    0x20001140   Section     1024  startup_stm32f10x_hd.o(STACK)
    Stack_Mem                                0x20001140   Data        1024  startup_stm32f10x_hd.o(STACK)
    __initial_sp                             0x20001540   Data           0  startup_stm32f10x_hd.o(STACK)

    Global Symbols

    Symbol Name                              Value     Ov Type        Size  Object(Section)

    BuildAttributes$$THM_ISAv4$P$D$K$B$S$PE$A:L22UL41UL21$X:L11$S22US41US21$IEEE1$IW$USESV6$~STKCKD$USESV7$~SHL$OTIME$ROPI$IEEEJ$EBA8$UX$STANDARDLIB$REQ8$PRES8$EABIv2 0x00000000   Number         0  anon$$obj.o ABSOLUTE
    __ARM_use_no_argv                        0x00000000   Number         0  main.o ABSOLUTE
    __ARM_exceptions_init                     - Undefined Weak Reference
    __alloca_initialize                       - Undefined Weak Reference
    __arm_preinit_                            - Undefined Weak Reference
    __cpp_initialize__aeabi_                  - Undefined Weak Reference
    __cxa_finalize                            - Undefined Weak Reference
    __rt_locale                               - Undefined Weak Reference
    __sigvec_lookup                           - Undefined Weak Reference
    _atexit_init                              - Undefined Weak Reference
    _call_atexit_fns                          - Undefined Weak Reference
    _clock_init                               - Undefined Weak Reference
    _fp_trap_init                             - Undefined Weak Reference
    _fp_trap_shutdown                         - Undefined Weak Reference
    _get_lc_collate                           - Undefined Weak Reference
    _get_lc_ctype                             - Undefined Weak Reference
    _get_lc_monetary                          - Undefined Weak Reference
    _get_lc_numeric                           - Undefined Weak Reference
    _get_lc_time                              - Undefined Weak Reference
    _getenv_init                              - Undefined Weak Reference
    _handle_redirection                       - Undefined Weak Reference
    _init_alloc                               - Undefined Weak Reference
    _init_user_alloc                          - Undefined Weak Reference
    _initio                                   - Undefined Weak Reference
    _mutex_acquire                            - Undefined Weak Reference
    _mutex_release                            - Undefined Weak Reference
    _printf_mbtowc                            - Undefined Weak Reference
    _printf_post_padding                      - Undefined Weak Reference
    _printf_pre_padding                       - Undefined Weak Reference
    _printf_truncate_signed                   - Undefined Weak Reference
    _printf_truncate_unsigned                 - Undefined Weak Reference
    _rand_init                                - Undefined Weak Reference
    _signal_finish                            - Undefined Weak Reference
    _signal_init                              - Undefined Weak Reference
    _terminate_alloc                          - Undefined Weak Reference
    _terminate_user_alloc                     - Undefined Weak Reference
    _terminateio                              - Undefined Weak Reference
    __Vectors_Size                           0x00000130   Number         0  startup_stm32f10x_hd.o ABSOLUTE
    __Vectors                                0x08000000   Data           4  startup_stm32f10x_hd.o(RESET)
    __Vectors_End                            0x08000130   Data           0  startup_stm32f10x_hd.o(RESET)
    __main                                   0x08000131   Thumb Code     8  __main.o(!!!main)
    __scatterload                            0x08000139   Thumb Code     0  __scatter.o(!!!scatter)
    __scatterload_rt2                        0x08000139   Thumb Code    44  __scatter.o(!!!scatter)
    __scatterload_rt2_thumb_only             0x08000139   Thumb Code     0  __scatter.o(!!!scatter)
    __scatterload_null                       0x08000147   Thumb Code     0  __scatter.o(!!!scatter)
    __decompress                             0x0800016d   Thumb Code   100  __dclz77c.o(!!dclz77c)
    __decompress2                            0x0800016d   Thumb Code     0  __dclz77c.o(!!dclz77c)
    __scatterload_zeroinit                   0x080001d1   Thumb Code    28  __scatter_zi.o(!!handler_zi)
    _printf_d                                0x080001ed   Thumb Code     0  _printf_d.o(.ARM.Collect$$_printf_percent$$00000009)
    _printf_percent                          0x080001ed   Thumb Code     0  _printf_percent.o(.ARM.Collect$$_printf_percent$$00000000)
    _printf_x                                0x080001f3   Thumb Code     0  _printf_x.o(.ARM.Collect$$_printf_percent$$0000000C)
    _printf_s                                0x080001f9   Thumb Code     0  _printf_s.o(.ARM.Collect$$_printf_percent$$00000014)
    _printf_percent_end                      0x080001ff   Thumb Code     0  _printf_percent_end.o(.ARM.Collect$$_printf_percent$$00000017)
    __rt_lib_init                            0x08000203   Thumb Code     0  libinit.o(.ARM.Collect$$libinit$$00000000)
    __rt_lib_init_alloca_1                   0x08000205   Thumb Code     0  libinit2.o(.ARM.Collect$$libinit$$0000002E)
    __rt_lib_init_argv_1                     0x08000205   Thumb Code     0  libinit2.o(.ARM.Collect$$libinit$$0000002C)
    __rt_lib_init_atexit_1                   0x08000205   Thumb Code     0  libinit2.o(.ARM.Collect$$libinit$$0000001B)
    __rt_lib_init_clock_1                    0x08000205   Thumb Code     0  libinit2.o(.ARM.Collect$$libinit$$00000021)
    __rt_lib_init_cpp_1                      0x08000205   Thumb Code     0  libinit2.o(.ARM.Collect$$libinit$$00000032)
    __rt_lib_init_exceptions_1               0x08000205   Thumb Code     0  libinit2.o(.ARM.Collect$$libinit$$00000030)
    __rt_lib_init_fp_1                       0x08000205   Thumb Code     0  libinit2.o(.ARM.Collect$$libinit$$00000002)
    __rt_lib_init_fp_trap_1                  0x08000205   Thumb Code     0  libinit2.o(.ARM.Collect$$libinit$$0000001F)
    __rt_lib_init_getenv_1                   0x08000205   Thumb Code     0  libinit2.o(.ARM.Collect$$libinit$$00000023)
    __rt_lib_init_heap_1                     0x08000205   Thumb Code     0  libinit2.o(.ARM.Collect$$libinit$$0000000A)
    __rt_lib_init_lc_collate_1               0x08000205   Thumb Code     0  libinit2.o(.ARM.Collect$$libinit$$00000011)
    __rt_lib_init_lc_ctype_1                 0x08000205   Thumb Code     0  libinit2.o(.ARM.Collect$$libinit$$00000013)
    __rt_lib_init_lc_monetary_1              0x08000205   Thumb Code     0  libinit2.o(.ARM.Collect$$libinit$$00000015)
    __rt_lib_init_lc_numeric_1               0x08000205   Thumb Code     0  libinit2.o(.ARM.Collect$$libinit$$00000017)
    __rt_lib_init_lc_time_1                  0x08000205   Thumb Code     0  libinit2.o(.ARM.Collect$$libinit$$00000019)
    __rt_lib_init_preinit_1                  0x08000205   Thumb Code     0  libinit2.o(.ARM.Collect$$libinit$$00000004)
    __rt_lib_init_rand_1                     0x08000205   Thumb Code     0  libinit2.o(.ARM.Collect$$libinit$$0000000E)
    __rt_lib_init_return                     0x08000205   Thumb Code     0  libinit2.o(.ARM.Collect$$libinit$$00000033)
    __rt_lib_init_signal_1                   0x08000205   Thumb Code     0  libinit2.o(.ARM.Collect$$libinit$$0000001D)
    __rt_lib_init_stdio_1                    0x08000205   Thumb Code     0  libinit2.o(.ARM.Collect$$libinit$$00000025)
    __rt_lib_init_user_alloc_1               0x08000205   Thumb Code     0  libinit2.o(.ARM.Collect$$libinit$$0000000C)
    __rt_lib_shutdown                        0x08000207   Thumb Code     0  libshutdown.o(.ARM.Collect$$libshutdown$$00000000)
    __rt_lib_shutdown_cpp_1                  0x08000209   Thumb Code     0  libshutdown2.o(.ARM.Collect$$libshutdown$$00000002)
    __rt_lib_shutdown_fp_trap_1              0x08000209   Thumb Code     0  libshutdown2.o(.ARM.Collect$$libshutdown$$00000007)
    __rt_lib_shutdown_heap_1                 0x08000209   Thumb Code     0  libshutdown2.o(.ARM.Collect$$libshutdown$$0000000F)
    __rt_lib_shutdown_return                 0x08000209   Thumb Code     0  libshutdown2.o(.ARM.Collect$$libshutdown$$00000010)
    __rt_lib_shutdown_signal_1               0x08000209   Thumb Code     0  libshutdown2.o(.ARM.Collect$$libshutdown$$0000000A)
    __rt_lib_shutdown_stdio_1                0x08000209   Thumb Code     0  libshutdown2.o(.ARM.Collect$$libshutdown$$00000004)
    __rt_lib_shutdown_user_alloc_1           0x08000209   Thumb Code     0  libshutdown2.o(.ARM.Collect$$libshutdown$$0000000C)
    __rt_entry                               0x0800020b   Thumb Code     0  __rtentry.o(.ARM.Collect$$rtentry$$00000000)
    __rt_entry_presh_1                       0x0800020b   Thumb Code     0  __rtentry2.o(.ARM.Collect$$rtentry$$00000002)
    __rt_entry_sh                            0x0800020b   Thumb Code     0  __rtentry4.o(.ARM.Collect$$rtentry$$00000004)
    __rt_entry_li                            0x08000211   Thumb Code     0  __rtentry2.o(.ARM.Collect$$rtentry$$0000000A)
    __rt_entry_postsh_1                      0x08000211   Thumb Code     0  __rtentry2.o(.ARM.Collect$$rtentry$$00000009)
    __rt_entry_main                          0x08000215   Thumb Code     0  __rtentry2.o(.ARM.Collect$$rtentry$$0000000D)
    __rt_entry_postli_1                      0x08000215   Thumb Code     0  __rtentry2.o(.ARM.Collect$$rtentry$$0000000C)
    __rt_exit                                0x0800021d   Thumb Code     0  rtexit.o(.ARM.Collect$$rtexit$$00000000)
    __rt_exit_ls                             0x0800021f   Thumb Code     0  rtexit2.o(.ARM.Collect$$rtexit$$00000003)
    __rt_exit_prels_1                        0x0800021f   Thumb Code     0  rtexit2.o(.ARM.Collect$$rtexit$$00000002)
    __rt_exit_exit                           0x08000223   Thumb Code     0  rtexit2.o(.ARM.Collect$$rtexit$$00000004)
    game_settings                            0x08000229   Thumb Code   404  main.o(.text)
    game_help                                0x080003bd   Thumb Code   150  main.o(.text)
    win                                      0x08000453   Thumb Code   226  main.o(.text)
    Result                                   0x08000535   Thumb Code   412  main.o(.text)
    PutChess                                 0x080006d1   Thumb Code    64  main.o(.text)
    LCD_Draw_Point                           0x08000711   Thumb Code    36  main.o(.text)
    FillCircle                               0x08000735   Thumb Code   236  main.o(.text)
    CheckAd                                  0x08000821   Thumb Code   304  main.o(.text)
    test                                     0x08000951   Thumb Code    40  main.o(.text)
    DrawChess                                0x08000979   Thumb Code   500  main.o(.text)
    DrawChessboard                           0x08000b6d   Thumb Code   234  main.o(.text)
    game_net                                 0x08000c57   Thumb Code   200  main.o(.text)
    game_single                              0x08000d1f   Thumb Code    44  main.o(.text)
    app_init                                 0x08000d4b   Thumb Code   738  main.o(.text)
    DrawSide                                 0x0800102d   Thumb Code    46  main.o(.text)
    IfWin                                    0x0800105b   Thumb Code   400  main.o(.text)
    main                                     0x080011eb   Thumb Code    50  main.o(.text)
    NMI_Handler                              0x08001235   Thumb Code     2  stm32f10x_it.o(.text)
    HardFault_Handler                        0x08001237   Thumb Code     4  stm32f10x_it.o(.text)
    MemManage_Handler                        0x0800123b   Thumb Code     4  stm32f10x_it.o(.text)
    BusFault_Handler                         0x0800123f   Thumb Code     4  stm32f10x_it.o(.text)
    UsageFault_Handler                       0x08001243   Thumb Code     4  stm32f10x_it.o(.text)
    SVC_Handler                              0x08001247   Thumb Code     2  stm32f10x_it.o(.text)
    DebugMon_Handler                         0x08001249   Thumb Code     2  stm32f10x_it.o(.text)
    PendSV_Handler                           0x0800124b   Thumb Code     2  stm32f10x_it.o(.text)
    SysTick_Handler                          0x0800124d   Thumb Code     2  stm32f10x_it.o(.text)
    SystemInit                               0x0800132f   Thumb Code    78  system_stm32f10x.o(.text)
    SystemCoreClockUpdate                    0x0800137d   Thumb Code   142  system_stm32f10x.o(.text)
    LED_Init                                 0x08001431   Thumb Code    68  led.o(.text)
    KEY_Init                                 0x0800147d   Thumb Code    52  key.o(.text)
    KEY_Scan                                 0x080014b1   Thumb Code   150  key.o(.text)
    LCD_WR_REG                               0x08001555   Thumb Code     6  lcd.o(.text)
    LCD_WR_DATA                              0x0800155b   Thumb Code     8  lcd.o(.text)
    LCD_RD_DATA                              0x08001563   Thumb Code    16  lcd.o(.text)
    LCD_WriteReg                             0x08001573   Thumb Code    10  lcd.o(.text)
    LCD_ReadReg                              0x0800157d   Thumb Code    22  lcd.o(.text)
    LCD_WriteRAM_Prepare                     0x08001593   Thumb Code    10  lcd.o(.text)
    LCD_WriteRAM                             0x0800159d   Thumb Code     8  lcd.o(.text)
    LCD_BGR2RGB                              0x080015a5   Thumb Code    26  lcd.o(.text)
    opt_delay                                0x080015bf   Thumb Code    14  lcd.o(.text)
    LCD_SetCursor                            0x080015cd   Thumb Code   418  lcd.o(.text)
    LCD_ReadPoint                            0x0800176f   Thumb Code   360  lcd.o(.text)
    LCD_DisplayOn                            0x080018d7   Thumb Code   102  lcd.o(.text)
    LCD_DisplayOff                           0x0800193d   Thumb Code    90  lcd.o(.text)
    LCD_Scan_Dir                             0x08001997   Thumb Code   744  lcd.o(.text)
    LCD_DrawPoint                            0x08001c7f   Thumb Code    28  lcd.o(.text)
    LCD_Fast_DrawPoint                       0x08001c9b   Thumb Code   384  lcd.o(.text)
    LCD_SSD_BackLightSet                     0x08001e1b   Thumb Code    80  lcd.o(.text)
    LCD_Display_Dir                          0x08001e6b   Thumb Code   444  lcd.o(.text)
    LCD_Set_Window                           0x08002027   Thumb Code   540  lcd.o(.text)
    LCD_Clear                                0x08002243   Thumb Code   100  lcd.o(.text)
    LCD_Init                                 0x080022a7   Thumb Code 14158  lcd.o(.text)
    LCD_Fill                                 0x080059f5   Thumb Code   178  lcd.o(.text)
    LCD_Color_Fill                           0x08005aa7   Thumb Code   102  lcd.o(.text)
    LCD_DrawLine                             0x08005b0d   Thumb Code   176  lcd.o(.text)
    LCD_DrawRectangle                        0x08005bbd   Thumb Code    60  lcd.o(.text)
    LCD_Draw_Circle                          0x08005bf9   Thumb Code   152  lcd.o(.text)
    LCD_ShowChar                             0x08005c91   Thumb Code   272  lcd.o(.text)
    LCD_Pow                                  0x08005da1   Thumb Code    22  lcd.o(.text)
    LCD_ShowNum                              0x08005db7   Thumb Code   148  lcd.o(.text)
    LCD_ShowxNum                             0x08005e4b   Thumb Code   220  lcd.o(.text)
    LCD_ShowString                           0x08005f27   Thumb Code   102  lcd.o(.text)
    fWriteHz24                               0x08005f8d   Thumb Code   202  lcd.o(.text)
    IIC_Init                                 0x0800605d   Thumb Code    46  myiic.o(.text)
    IIC_Start                                0x0800608b   Thumb Code    64  myiic.o(.text)
    IIC_Stop                                 0x080060cb   Thumb Code    66  myiic.o(.text)
    IIC_Wait_Ack                             0x0800610d   Thumb Code    86  myiic.o(.text)
    IIC_Ack                                  0x08006163   Thumb Code    70  myiic.o(.text)
    IIC_NAck                                 0x080061a9   Thumb Code    70  myiic.o(.text)
    IIC_Send_Byte                            0x080061ef   Thumb Code   104  myiic.o(.text)
    IIC_Read_Byte                            0x08006257   Thumb Code   100  myiic.o(.text)
    AT24CXX_Init                             0x080062c9   Thumb Code     8  24cxx.o(.text)
    AT24CXX_ReadOneByte                      0x080062d1   Thumb Code    88  24cxx.o(.text)
    AT24CXX_WriteOneByte                     0x08006329   Thumb Code    80  24cxx.o(.text)
    AT24CXX_WriteLenByte                     0x08006379   Thumb Code    42  24cxx.o(.text)
    AT24CXX_ReadLenByte                      0x080063a3   Thumb Code    44  24cxx.o(.text)
    AT24CXX_Check                            0x080063cf   Thumb Code    46  24cxx.o(.text)
    AT24CXX_Read                             0x080063fd   Thumb Code    34  24cxx.o(.text)
    AT24CXX_Write                            0x0800641f   Thumb Code    36  24cxx.o(.text)
    TP_Write_Byte                            0x08006445   Thumb Code    64  touch.o(.text)
    TP_Read_AD                               0x08006485   Thumb Code   136  touch.o(.text)
    TP_Read_XOY                              0x0800650d   Thumb Code   120  touch.o(.text)
    TP_Read_XY                               0x08006585   Thumb Code    38  touch.o(.text)
    TP_Read_XY2                              0x080065ab   Thumb Code   192  touch.o(.text)
    TP_Drow_Touch_Point                      0x0800666b   Thumb Code   108  touch.o(.text)
    TP_Draw_Big_Point                        0x080066d7   Thumb Code    54  touch.o(.text)
    TP_Scan                                  0x0800670d   Thumb Code   264  touch.o(.text)
    TP_Save_Adjdata                          0x08006815   Thumb Code    24  touch.o(.text)
    TP_Get_Adjdata                           0x0800682d   Thumb Code   104  touch.o(.text)
    TP_Adj_Info_Show                         0x08006895   Thumb Code   374  touch.o(.text)
    TP_Adjust                                0x08006a0b   Thumb Code  2128  touch.o(.text)
    TP_Init                                  0x0800725b   Thumb Code   330  touch.o(.text)
    CT_Delay                                 0x080073f9   Thumb Code    10  ctiic.o(.text)
    CT_IIC_Init                              0x08007403   Thumb Code    72  ctiic.o(.text)
    CT_IIC_Start                             0x0800744b   Thumb Code    66  ctiic.o(.text)
    CT_IIC_Stop                              0x0800748d   Thumb Code    60  ctiic.o(.text)
    CT_IIC_Wait_Ack                          0x080074c9   Thumb Code    86  ctiic.o(.text)
    CT_IIC_Ack                               0x0800751f   Thumb Code    70  ctiic.o(.text)
    CT_IIC_NAck                              0x08007565   Thumb Code    70  ctiic.o(.text)
    CT_IIC_Send_Byte                         0x080075ab   Thumb Code    86  ctiic.o(.text)
    CT_IIC_Read_Byte                         0x08007601   Thumb Code   100  ctiic.o(.text)
    OTT2001A_WR_Reg                          0x0800767d   Thumb Code    92  ott2001a.o(.text)
    OTT2001A_RD_Reg                          0x080076d9   Thumb Code    98  ott2001a.o(.text)
    OTT2001A_SensorControl                   0x0800773b   Thumb Code    28  ott2001a.o(.text)
    OTT2001A_Init                            0x08007757   Thumb Code   156  ott2001a.o(.text)
    OTT2001A_Scan                            0x080077f3   Thumb Code   446  ott2001a.o(.text)
    FT5206_WR_Reg                            0x080079e9   Thumb Code    82  ft5206.o(.text)
    FT5206_RD_Reg                            0x08007a3b   Thumb Code    88  ft5206.o(.text)
    FT5206_Init                              0x08007a93   Thumb Code   216  ft5206.o(.text)
    FT5206_Scan                              0x08007b6b   Thumb Code   400  ft5206.o(.text)
    GT9147_WR_Reg                            0x08007d21   Thumb Code    92  gt9147.o(.text)
    GT9147_Send_Cfg                          0x08007d7d   Thumb Code    86  gt9147.o(.text)
    GT9147_RD_Reg                            0x08007dd3   Thumb Code    98  gt9147.o(.text)
    GT9147_Init                              0x08007e35   Thumb Code   268  gt9147.o(.text)
    GT9147_Scan                              0x08007f41   Thumb Code   494  gt9147.o(.text)
    delay_init                               0x08008179   Thumb Code    50  delay.o(.text)
    delay_us                                 0x080081ab   Thumb Code    72  delay.o(.text)
    delay_ms                                 0x080081f3   Thumb Code    72  delay.o(.text)
    _sys_exit                                0x0800824d   Thumb Code     6  usart.o(.text)
    fputc                                    0x08008253   Thumb Code    24  usart.o(.text)
    uart_init                                0x0800826b   Thumb Code   152  usart.o(.text)
    USART1_IRQHandler                        0x08008303   Thumb Code   122  usart.o(.text)
    Reset_Handler                            0x0800838d   Thumb Code     8  startup_stm32f10x_hd.o(.text)
    ADC1_2_IRQHandler                        0x080083a7   Thumb Code     0  startup_stm32f10x_hd.o(.text)
    ADC3_IRQHandler                          0x080083a7   Thumb Code     0  startup_stm32f10x_hd.o(.text)
    CAN1_RX1_IRQHandler                      0x080083a7   Thumb Code     0  startup_stm32f10x_hd.o(.text)
    CAN1_SCE_IRQHandler                      0x080083a7   Thumb Code     0  startup_stm32f10x_hd.o(.text)
    DMA1_Channel1_IRQHandler                 0x080083a7   Thumb Code     0  startup_stm32f10x_hd.o(.text)
    DMA1_Channel2_IRQHandler                 0x080083a7   Thumb Code     0  startup_stm32f10x_hd.o(.text)
    DMA1_Channel3_IRQHandler                 0x080083a7   Thumb Code     0  startup_stm32f10x_hd.o(.text)
    DMA1_Channel4_IRQHandler                 0x080083a7   Thumb Code     0  startup_stm32f10x_hd.o(.text)
    DMA1_Channel5_IRQHandler                 0x080083a7   Thumb Code     0  startup_stm32f10x_hd.o(.text)
    DMA1_Channel6_IRQHandler                 0x080083a7   Thumb Code     0  startup_stm32f10x_hd.o(.text)
    DMA1_Channel7_IRQHandler                 0x080083a7   Thumb Code     0  startup_stm32f10x_hd.o(.text)
    DMA2_Channel1_IRQHandler                 0x080083a7   Thumb Code     0  startup_stm32f10x_hd.o(.text)
    DMA2_Channel2_IRQHandler                 0x080083a7   Thumb Code     0  startup_stm32f10x_hd.o(.text)
    DMA2_Channel3_IRQHandler                 0x080083a7   Thumb Code     0  startup_stm32f10x_hd.o(.text)
    DMA2_Channel4_5_IRQHandler               0x080083a7   Thumb Code     0  startup_stm32f10x_hd.o(.text)
    EXTI0_IRQHandler                         0x080083a7   Thumb Code     0  startup_stm32f10x_hd.o(.text)
    EXTI15_10_IRQHandler                     0x080083a7   Thumb Code     0  startup_stm32f10x_hd.o(.text)
    EXTI1_IRQHandler                         0x080083a7   Thumb Code     0  startup_stm32f10x_hd.o(.text)
    EXTI2_IRQHandler                         0x080083a7   Thumb Code     0  startup_stm32f10x_hd.o(.text)
    EXTI3_IRQHandler                         0x080083a7   Thumb Code     0  startup_stm32f10x_hd.o(.text)
    EXTI4_IRQHandler                         0x080083a7   Thumb Code     0  startup_stm32f10x_hd.o(.text)
    EXTI9_5_IRQHandler                       0x080083a7   Thumb Code     0  startup_stm32f10x_hd.o(.text)
    FLASH_IRQHandler                         0x080083a7   Thumb Code     0  startup_stm32f10x_hd.o(.text)
    FSMC_IRQHandler                          0x080083a7   Thumb Code     0  startup_stm32f10x_hd.o(.text)
    I2C1_ER_IRQHandler                       0x080083a7   Thumb Code     0  startup_stm32f10x_hd.o(.text)
    I2C1_EV_IRQHandler                       0x080083a7   Thumb Code     0  startup_stm32f10x_hd.o(.text)
    I2C2_ER_IRQHandler                       0x080083a7   Thumb Code     0  startup_stm32f10x_hd.o(.text)
    I2C2_EV_IRQHandler                       0x080083a7   Thumb Code     0  startup_stm32f10x_hd.o(.text)
    PVD_IRQHandler                           0x080083a7   Thumb Code     0  startup_stm32f10x_hd.o(.text)
    RCC_IRQHandler                           0x080083a7   Thumb Code     0  startup_stm32f10x_hd.o(.text)
    RTCAlarm_IRQHandler                      0x080083a7   Thumb Code     0  startup_stm32f10x_hd.o(.text)
    RTC_IRQHandler                           0x080083a7   Thumb Code     0  startup_stm32f10x_hd.o(.text)
    SDIO_IRQHandler                          0x080083a7   Thumb Code     0  startup_stm32f10x_hd.o(.text)
    SPI1_IRQHandler                          0x080083a7   Thumb Code     0  startup_stm32f10x_hd.o(.text)
    SPI2_IRQHandler                          0x080083a7   Thumb Code     0  startup_stm32f10x_hd.o(.text)
    SPI3_IRQHandler                          0x080083a7   Thumb Code     0  startup_stm32f10x_hd.o(.text)
    TAMPER_IRQHandler                        0x080083a7   Thumb Code     0  startup_stm32f10x_hd.o(.text)
    TIM1_BRK_IRQHandler                      0x080083a7   Thumb Code     0  startup_stm32f10x_hd.o(.text)
    TIM1_CC_IRQHandler                       0x080083a7   Thumb Code     0  startup_stm32f10x_hd.o(.text)
    TIM1_TRG_COM_IRQHandler                  0x080083a7   Thumb Code     0  startup_stm32f10x_hd.o(.text)
    TIM1_UP_IRQHandler                       0x080083a7   Thumb Code     0  startup_stm32f10x_hd.o(.text)
    TIM2_IRQHandler                          0x080083a7   Thumb Code     0  startup_stm32f10x_hd.o(.text)
    TIM3_IRQHandler                          0x080083a7   Thumb Code     0  startup_stm32f10x_hd.o(.text)
    TIM4_IRQHandler                          0x080083a7   Thumb Code     0  startup_stm32f10x_hd.o(.text)
    TIM5_IRQHandler                          0x080083a7   Thumb Code     0  startup_stm32f10x_hd.o(.text)
    TIM6_IRQHandler                          0x080083a7   Thumb Code     0  startup_stm32f10x_hd.o(.text)
    TIM7_IRQHandler                          0x080083a7   Thumb Code     0  startup_stm32f10x_hd.o(.text)
    TIM8_BRK_IRQHandler                      0x080083a7   Thumb Code     0  startup_stm32f10x_hd.o(.text)
    TIM8_CC_IRQHandler                       0x080083a7   Thumb Code     0  startup_stm32f10x_hd.o(.text)
    TIM8_TRG_COM_IRQHandler                  0x080083a7   Thumb Code     0  startup_stm32f10x_hd.o(.text)
    TIM8_UP_IRQHandler                       0x080083a7   Thumb Code     0  startup_stm32f10x_hd.o(.text)
    UART4_IRQHandler                         0x080083a7   Thumb Code     0  startup_stm32f10x_hd.o(.text)
    UART5_IRQHandler                         0x080083a7   Thumb Code     0  startup_stm32f10x_hd.o(.text)
    USART2_IRQHandler                        0x080083a7   Thumb Code     0  startup_stm32f10x_hd.o(.text)
    USART3_IRQHandler                        0x080083a7   Thumb Code     0  startup_stm32f10x_hd.o(.text)
    USBWakeUp_IRQHandler                     0x080083a7   Thumb Code     0  startup_stm32f10x_hd.o(.text)
    USB_HP_CAN1_TX_IRQHandler                0x080083a7   Thumb Code     0  startup_stm32f10x_hd.o(.text)
    USB_LP_CAN1_RX0_IRQHandler               0x080083a7   Thumb Code     0  startup_stm32f10x_hd.o(.text)
    WWDG_IRQHandler                          0x080083a7   Thumb Code     0  startup_stm32f10x_hd.o(.text)
    __user_initial_stackheap                 0x080083a9   Thumb Code     0  startup_stm32f10x_hd.o(.text)
    NVIC_PriorityGroupConfig                 0x080083cd   Thumb Code    10  misc.o(.text)
    NVIC_Init                                0x080083d7   Thumb Code   100  misc.o(.text)
    NVIC_SetVectorTable                      0x0800843b   Thumb Code    14  misc.o(.text)
    NVIC_SystemLPConfig                      0x08008449   Thumb Code    34  misc.o(.text)
    SysTick_CLKSourceConfig                  0x0800846b   Thumb Code    40  misc.o(.text)
    FSMC_NORSRAMDeInit                       0x080084a9   Thumb Code    54  stm32f10x_fsmc.o(.text)
    FSMC_NANDDeInit                          0x080084df   Thumb Code    62  stm32f10x_fsmc.o(.text)
    FSMC_PCCARDDeInit                        0x0800851d   Thumb Code    36  stm32f10x_fsmc.o(.text)
    FSMC_NORSRAMInit                         0x08008541   Thumb Code   230  stm32f10x_fsmc.o(.text)
    FSMC_NANDInit                            0x08008627   Thumb Code   132  stm32f10x_fsmc.o(.text)
    FSMC_PCCARDInit                          0x080086ab   Thumb Code   130  stm32f10x_fsmc.o(.text)
    FSMC_NORSRAMStructInit                   0x0800872d   Thumb Code   114  stm32f10x_fsmc.o(.text)
    FSMC_NANDStructInit                      0x0800879f   Thumb Code    54  stm32f10x_fsmc.o(.text)
    FSMC_PCCARDStructInit                    0x080087d5   Thumb Code    60  stm32f10x_fsmc.o(.text)
    FSMC_NORSRAMCmd                          0x08008811   Thumb Code    46  stm32f10x_fsmc.o(.text)
    FSMC_NANDCmd                             0x0800883f   Thumb Code    86  stm32f10x_fsmc.o(.text)
    FSMC_PCCARDCmd                           0x08008895   Thumb Code    44  stm32f10x_fsmc.o(.text)
    FSMC_NANDECCCmd                          0x080088c1   Thumb Code    90  stm32f10x_fsmc.o(.text)
    FSMC_GetECC                              0x0800891b   Thumb Code    24  stm32f10x_fsmc.o(.text)
    FSMC_ITConfig                            0x08008933   Thumb Code   128  stm32f10x_fsmc.o(.text)
    FSMC_GetFlagStatus                       0x080089b3   Thumb Code    54  stm32f10x_fsmc.o(.text)
    FSMC_ClearFlag                           0x080089e9   Thumb Code    62  stm32f10x_fsmc.o(.text)
    FSMC_GetITStatus                         0x08008a27   Thumb Code    64  stm32f10x_fsmc.o(.text)
    FSMC_ClearITPendingBit                   0x08008a67   Thumb Code    68  stm32f10x_fsmc.o(.text)
    GPIO_DeInit                              0x08008ab5   Thumb Code   172  stm32f10x_gpio.o(.text)
    GPIO_AFIODeInit                          0x08008b61   Thumb Code    20  stm32f10x_gpio.o(.text)
    GPIO_Init                                0x08008b75   Thumb Code   278  stm32f10x_gpio.o(.text)
    GPIO_StructInit                          0x08008c8b   Thumb Code    16  stm32f10x_gpio.o(.text)
    GPIO_ReadInputDataBit                    0x08008c9b   Thumb Code    18  stm32f10x_gpio.o(.text)
    GPIO_ReadInputData                       0x08008cad   Thumb Code     8  stm32f10x_gpio.o(.text)
    GPIO_ReadOutputDataBit                   0x08008cb5   Thumb Code    18  stm32f10x_gpio.o(.text)
    GPIO_ReadOutputData                      0x08008cc7   Thumb Code     8  stm32f10x_gpio.o(.text)
    GPIO_SetBits                             0x08008ccf   Thumb Code     4  stm32f10x_gpio.o(.text)
    GPIO_ResetBits                           0x08008cd3   Thumb Code     4  stm32f10x_gpio.o(.text)
    GPIO_WriteBit                            0x08008cd7   Thumb Code    10  stm32f10x_gpio.o(.text)
    GPIO_Write                               0x08008ce1   Thumb Code     4  stm32f10x_gpio.o(.text)
    GPIO_PinLockConfig                       0x08008ce5   Thumb Code    18  stm32f10x_gpio.o(.text)
    GPIO_EventOutputConfig                   0x08008cf7   Thumb Code    26  stm32f10x_gpio.o(.text)
    GPIO_EventOutputCmd                      0x08008d11   Thumb Code     6  stm32f10x_gpio.o(.text)
    GPIO_PinRemapConfig                      0x08008d17   Thumb Code   138  stm32f10x_gpio.o(.text)
    GPIO_EXTILineConfig                      0x08008da1   Thumb Code    66  stm32f10x_gpio.o(.text)
    GPIO_ETH_MediaInterfaceConfig            0x08008de3   Thumb Code     8  stm32f10x_gpio.o(.text)
    RCC_DeInit                               0x08008e11   Thumb Code    64  stm32f10x_rcc.o(.text)
    RCC_HSEConfig                            0x08008e51   Thumb Code    70  stm32f10x_rcc.o(.text)
    RCC_GetFlagStatus                        0x08008e97   Thumb Code    56  stm32f10x_rcc.o(.text)
    RCC_WaitForHSEStartUp                    0x08008ecf   Thumb Code    56  stm32f10x_rcc.o(.text)
    RCC_AdjustHSICalibrationValue            0x08008f07   Thumb Code    20  stm32f10x_rcc.o(.text)
    RCC_HSICmd                               0x08008f1b   Thumb Code     6  stm32f10x_rcc.o(.text)
    RCC_PLLConfig                            0x08008f21   Thumb Code    24  stm32f10x_rcc.o(.text)
    RCC_PLLCmd                               0x08008f39   Thumb Code     6  stm32f10x_rcc.o(.text)
    RCC_SYSCLKConfig                         0x08008f3f   Thumb Code    18  stm32f10x_rcc.o(.text)
    RCC_GetSYSCLKSource                      0x08008f51   Thumb Code    10  stm32f10x_rcc.o(.text)
    RCC_HCLKConfig                           0x08008f5b   Thumb Code    18  stm32f10x_rcc.o(.text)
    RCC_PCLK1Config                          0x08008f6d   Thumb Code    18  stm32f10x_rcc.o(.text)
    RCC_PCLK2Config                          0x08008f7f   Thumb Code    20  stm32f10x_rcc.o(.text)
    RCC_ITConfig                             0x08008f93   Thumb Code    26  stm32f10x_rcc.o(.text)
    RCC_USBCLKConfig                         0x08008fad   Thumb Code     8  stm32f10x_rcc.o(.text)
    RCC_ADCCLKConfig                         0x08008fb5   Thumb Code    18  stm32f10x_rcc.o(.text)
    RCC_LSEConfig                            0x08008fc7   Thumb Code    50  stm32f10x_rcc.o(.text)
    RCC_LSICmd                               0x08008ff9   Thumb Code     6  stm32f10x_rcc.o(.text)
    RCC_RTCCLKConfig                         0x08008fff   Thumb Code    12  stm32f10x_rcc.o(.text)
    RCC_RTCCLKCmd                            0x0800900b   Thumb Code     8  stm32f10x_rcc.o(.text)
    RCC_GetClocksFreq                        0x08009013   Thumb Code   192  stm32f10x_rcc.o(.text)
    RCC_AHBPeriphClockCmd                    0x080090d3   Thumb Code    26  stm32f10x_rcc.o(.text)
    RCC_APB2PeriphClockCmd                   0x080090ed   Thumb Code    26  stm32f10x_rcc.o(.text)
    RCC_APB1PeriphClockCmd                   0x08009107   Thumb Code    26  stm32f10x_rcc.o(.text)
    RCC_APB2PeriphResetCmd                   0x08009121   Thumb Code    26  stm32f10x_rcc.o(.text)
    RCC_APB1PeriphResetCmd                   0x0800913b   Thumb Code    26  stm32f10x_rcc.o(.text)
    RCC_BackupResetCmd                       0x08009155   Thumb Code     8  stm32f10x_rcc.o(.text)
    RCC_ClockSecuritySystemCmd               0x0800915d   Thumb Code     6  stm32f10x_rcc.o(.text)
    RCC_MCOConfig                            0x08009163   Thumb Code     6  stm32f10x_rcc.o(.text)
    RCC_ClearFlag                            0x08009169   Thumb Code    14  stm32f10x_rcc.o(.text)
    RCC_GetITStatus                          0x08009177   Thumb Code    20  stm32f10x_rcc.o(.text)
    RCC_ClearITPendingBit                    0x0800918b   Thumb Code     6  stm32f10x_rcc.o(.text)
    USART_DeInit                             0x080091b5   Thumb Code   134  stm32f10x_usart.o(.text)
    USART_Init                               0x0800923b   Thumb Code   210  stm32f10x_usart.o(.text)
    USART_StructInit                         0x0800930d   Thumb Code    24  stm32f10x_usart.o(.text)
    USART_ClockInit                          0x08009325   Thumb Code    34  stm32f10x_usart.o(.text)
    USART_ClockStructInit                    0x08009347   Thumb Code    12  stm32f10x_usart.o(.text)
    USART_Cmd                                0x08009353   Thumb Code    24  stm32f10x_usart.o(.text)
    USART_ITConfig                           0x0800936b   Thumb Code    74  stm32f10x_usart.o(.text)
    USART_DMACmd                             0x080093b5   Thumb Code    18  stm32f10x_usart.o(.text)
    USART_SetAddress                         0x080093c7   Thumb Code    18  stm32f10x_usart.o(.text)
    USART_WakeUpConfig                       0x080093d9   Thumb Code    18  stm32f10x_usart.o(.text)
    USART_ReceiverWakeUpCmd                  0x080093eb   Thumb Code    24  stm32f10x_usart.o(.text)
    USART_LINBreakDetectLengthConfig         0x08009403   Thumb Code    18  stm32f10x_usart.o(.text)
    USART_LINCmd                             0x08009415   Thumb Code    24  stm32f10x_usart.o(.text)
    USART_SendData                           0x0800942d   Thumb Code     8  stm32f10x_usart.o(.text)
    USART_ReceiveData                        0x08009435   Thumb Code    10  stm32f10x_usart.o(.text)
    USART_SendBreak                          0x0800943f   Thumb Code    10  stm32f10x_usart.o(.text)
    USART_SetGuardTime                       0x08009449   Thumb Code    16  stm32f10x_usart.o(.text)
    USART_SetPrescaler                       0x08009459   Thumb Code    16  stm32f10x_usart.o(.text)
    USART_SmartCardCmd                       0x08009469   Thumb Code    24  stm32f10x_usart.o(.text)
    USART_SmartCardNACKCmd                   0x08009481   Thumb Code    24  stm32f10x_usart.o(.text)
    USART_HalfDuplexCmd                      0x08009499   Thumb Code    24  stm32f10x_usart.o(.text)
    USART_OverSampling8Cmd                   0x080094b1   Thumb Code    22  stm32f10x_usart.o(.text)
    USART_OneBitMethodCmd                    0x080094c7   Thumb Code    24  stm32f10x_usart.o(.text)
    USART_IrDAConfig                         0x080094df   Thumb Code    18  stm32f10x_usart.o(.text)
    USART_IrDACmd                            0x080094f1   Thumb Code    24  stm32f10x_usart.o(.text)
    USART_GetFlagStatus                      0x08009509   Thumb Code    26  stm32f10x_usart.o(.text)
    USART_ClearFlag                          0x08009523   Thumb Code    18  stm32f10x_usart.o(.text)
    USART_GetITStatus                        0x08009535   Thumb Code    84  stm32f10x_usart.o(.text)
    USART_ClearITPendingBit                  0x08009589   Thumb Code    52  stm32f10x_usart.o(.text)
    __use_no_semihosting                     0x080095bd   Thumb Code     2  use_no_semi_2.o(.text)
    __2printf                                0x080095c1   Thumb Code    20  noretval__2printf.o(.text)
    __printf                                 0x080095d9   Thumb Code   104  __printf.o(.text)
    _printf_str                              0x08009641   Thumb Code    82  _printf_str.o(.text)
    _printf_int_dec                          0x08009695   Thumb Code   104  _printf_dec.o(.text)
    _printf_int_hex                          0x0800970d   Thumb Code    84  _printf_hex_int.o(.text)
    _printf_longlong_hex                     0x0800970d   Thumb Code     0  _printf_hex_int.o(.text)
    exit                                     0x08009765   Thumb Code    18  exit.o(.text)
    __aeabi_memclr                           0x08009777   Thumb Code     0  rt_memclr.o(.text)
    __rt_memclr                              0x08009777   Thumb Code    68  rt_memclr.o(.text)
    _memset                                  0x0800977b   Thumb Code     0  rt_memclr.o(.text)
    strcmp                                   0x080097bd   Thumb Code   128  strcmpv7m.o(.text)
    __use_two_region_memory                  0x0800983d   Thumb Code     2  heapauxi.o(.text)
    __rt_heap_escrow$2region                 0x0800983f   Thumb Code     2  heapauxi.o(.text)
    __rt_heap_expand$2region                 0x08009841   Thumb Code     2  heapauxi.o(.text)
    __I$use$semihosting                      0x08009843   Thumb Code     0  use_no_semi.o(.text)
    __use_no_semihosting_swi                 0x08009843   Thumb Code     2  use_no_semi.o(.text)
    __read_errno                             0x08009845   Thumb Code    10  _rserrno.o(.text)
    __set_errno                              0x0800984f   Thumb Code    12  _rserrno.o(.text)
    _printf_int_common                       0x0800985b   Thumb Code   178  _printf_intcommon.o(.text)
    _printf_cs_common                        0x0800990d   Thumb Code    20  _printf_char.o(.text)
    _printf_char                             0x08009921   Thumb Code    16  _printf_char.o(.text)
    _printf_string                           0x08009931   Thumb Code     8  _printf_char.o(.text)
    _printf_char_file                        0x08009939   Thumb Code    32  _printf_char_file.o(.text)
    __aeabi_memclr4                          0x0800995d   Thumb Code     0  rt_memclr_w.o(.text)
    __aeabi_memclr8                          0x0800995d   Thumb Code     0  rt_memclr_w.o(.text)
    __rt_memclr_w                            0x0800995d   Thumb Code    78  rt_memclr_w.o(.text)
    _memset_w                                0x08009961   Thumb Code     0  rt_memclr_w.o(.text)
    __aeabi_errno_addr                       0x080099ad   Thumb Code     8  rt_errno_addr_intlibspace.o(.text)
    __errno$intlibspace                      0x080099ad   Thumb Code     0  rt_errno_addr_intlibspace.o(.text)
    __rt_errno_addr$intlibspace              0x080099ad   Thumb Code     0  rt_errno_addr_intlibspace.o(.text)
    _printf_char_common                      0x080099bf   Thumb Code    32  _printf_char_common.o(.text)
    ferror                                   0x080099e5   Thumb Code     8  ferror.o(.text)
    __user_libspace                          0x080099ed   Thumb Code     8  libspace.o(.text)
    __user_perproc_libspace                  0x080099ed   Thumb Code     0  libspace.o(.text)
    __user_perthread_libspace                0x080099ed   Thumb Code     0  libspace.o(.text)
    __user_setup_stackheap                   0x080099f5   Thumb Code    74  sys_stackheap_outer.o(.text)
    sqrt                                     0x08009a3f   Thumb Code    76  sqrt.o(i.sqrt)
    __aeabi_dadd                             0x08009a8d   Thumb Code     0  daddsub_clz.o(x$fpl$dadd)
    _dadd                                    0x08009a8d   Thumb Code   332  daddsub_clz.o(x$fpl$dadd)
    __fpl_dcmp_Inf                           0x08009bdd   Thumb Code    24  dcmpi.o(x$fpl$dcmpinf)
    __aeabi_d2uiz                            0x08009bf5   Thumb Code     0  dfixu.o(x$fpl$dfixu)
    _dfixu                                   0x08009bf5   Thumb Code    90  dfixu.o(x$fpl$dfixu)
    __aeabi_i2d                              0x08009c4f   Thumb Code     0  dflt_clz.o(x$fpl$dflt)
    _dflt                                    0x08009c4f   Thumb Code    46  dflt_clz.o(x$fpl$dflt)
    __aeabi_ui2d                             0x08009c7d   Thumb Code     0  dflt_clz.o(x$fpl$dfltu)
    _dfltu                                   0x08009c7d   Thumb Code    38  dflt_clz.o(x$fpl$dfltu)
    __aeabi_cdcmple                          0x08009ca5   Thumb Code     0  dleqf.o(x$fpl$dleqf)
    _dcmple                                  0x08009ca5   Thumb Code   120  dleqf.o(x$fpl$dleqf)
    __fpl_dcmple_InfNaN                      0x08009d07   Thumb Code     0  dleqf.o(x$fpl$dleqf)
    __aeabi_dmul                             0x08009d1d   Thumb Code     0  dmul.o(x$fpl$dmul)
    _dmul                                    0x08009d1d   Thumb Code   332  dmul.o(x$fpl$dmul)
    __fpl_dnaninf                            0x08009e71   Thumb Code   156  dnaninf.o(x$fpl$dnaninf)
    __fpl_dretinf                            0x08009f0d   Thumb Code    12  dretinf.o(x$fpl$dretinf)
    __aeabi_cdrcmple                         0x08009f19   Thumb Code     0  drleqf.o(x$fpl$drleqf)
    _drcmple                                 0x08009f19   Thumb Code   108  drleqf.o(x$fpl$drleqf)
    __aeabi_drsub                            0x08009f85   Thumb Code     0  daddsub_clz.o(x$fpl$drsb)
    _drsb                                    0x08009f85   Thumb Code    22  daddsub_clz.o(x$fpl$drsb)
    _dsqrt                                   0x08009f9d   Thumb Code   456  dsqrt_noumaal.o(x$fpl$dsqrt)
    __aeabi_dsub                             0x0800a169   Thumb Code     0  daddsub_clz.o(x$fpl$dsub)
    _dsub                                    0x0800a169   Thumb Code   464  daddsub_clz.o(x$fpl$dsub)
    __aeabi_f2d                              0x0800a33d   Thumb Code     0  f2d.o(x$fpl$f2d)
    _f2d                                     0x0800a33d   Thumb Code    86  f2d.o(x$fpl$f2d)
    __aeabi_fadd                             0x0800a395   Thumb Code     0  faddsub_clz.o(x$fpl$fadd)
    _fadd                                    0x0800a395   Thumb Code   196  faddsub_clz.o(x$fpl$fadd)
    __aeabi_fdiv                             0x0800a459   Thumb Code     0  fdiv.o(x$fpl$fdiv)
    _fdiv                                    0x0800a459   Thumb Code   384  fdiv.o(x$fpl$fdiv)
    __aeabi_f2iz                             0x0800a5dd   Thumb Code     0  ffix.o(x$fpl$ffix)
    _ffix                                    0x0800a5dd   Thumb Code    54  ffix.o(x$fpl$ffix)
    __aeabi_f2uiz                            0x0800a615   Thumb Code     0  ffixu.o(x$fpl$ffixu)
    _ffixu                                   0x0800a615   Thumb Code    62  ffixu.o(x$fpl$ffixu)
    __aeabi_i2f                              0x0800a655   Thumb Code     0  fflt_clz.o(x$fpl$fflt)
    _fflt                                    0x0800a655   Thumb Code    48  fflt_clz.o(x$fpl$fflt)
    __aeabi_ui2f                             0x0800a685   Thumb Code     0  fflt_clz.o(x$fpl$ffltu)
    _ffltu                                   0x0800a685   Thumb Code    38  fflt_clz.o(x$fpl$ffltu)
    __aeabi_fmul                             0x0800a6ad   Thumb Code     0  fmul.o(x$fpl$fmul)
    _fmul                                    0x0800a6ad   Thumb Code   258  fmul.o(x$fpl$fmul)
    __fpl_fnaninf                            0x0800a7af   Thumb Code   140  fnaninf.o(x$fpl$fnaninf)
    __fpl_fretinf                            0x0800a83b   Thumb Code    10  fretinf.o(x$fpl$fretinf)
    __aeabi_fsub                             0x0800a845   Thumb Code     0  faddsub_clz.o(x$fpl$fsub)
    _fsub                                    0x0800a845   Thumb Code   234  faddsub_clz.o(x$fpl$fsub)
    __I$use$fp                               0x0800a92e   Number         0  usenofp.o(x$fpl$usenofp)
    asc2_1206                                0x0800a92e   Data        1140  lcd.o(.constdata)
    asc2_1608                                0x0800ada2   Data        1520  lcd.o(.constdata)
    asc2_2412                                0x0800b392   Data        3420  lcd.o(.constdata)
    TP_REMIND_MSG_TBL                        0x0800c0f0   Data           4  touch.o(.constdata)
    OTT_TPX_TBL                              0x0800c0f4   Data          10  ott2001a.o(.constdata)
    FT5206_TPX_TBL                           0x0800c0fe   Data          10  ft5206.o(.constdata)
    GT9147_CFG_TBL                           0x0800c108   Data         184  gt9147.o(.constdata)
    GT9147_TPX_TBL                           0x0800c1c0   Data          10  gt9147.o(.constdata)
    Region$$Table$$Base                      0x0800c270   Number         0  anon$$obj.o(Region$$Table)
    Region$$Table$$Limit                     0x0800c290   Number         0  anon$$obj.o(Region$$Table)
    GB_24                                    0x20000000   Data        3192  main.o(.data)
    enable                                   0x20000c78   Data           1  main.o(.data)
    enable_test                              0x20000c79   Data           1  main.o(.data)
    side                                     0x20000c7a   Data           2  main.o(.data)
    mode                                     0x20000c7c   Data           1  main.o(.data)
    ch_s                                     0x20000c7e   Data           2  main.o(.data)
    x                                        0x20000c80   Data           2  main.o(.data)
    y                                        0x20000c82   Data           2  main.o(.data)
    dx                                       0x20000c84   Data           1  main.o(.data)
    dy                                       0x20000c85   Data           1  main.o(.data)
    temp                                     0x20000c86   Data           2  main.o(.data)
    inc                                      0x20000c88   Data           1  main.o(.data)
    i                                        0x20000c8c   Data           4  main.o(.data)
    j                                        0x20000c90   Data           4  main.o(.data)
    t                                        0x20000c94   Data           4  main.o(.data)
    left_x                                   0x20000c98   Data           4  main.o(.data)
    right_x                                  0x20000c9c   Data           4  main.o(.data)
    up_y                                     0x20000ca0   Data           4  main.o(.data)
    down_y                                   0x20000ca4   Data           4  main.o(.data)
    a                                        0x20000ca8   Data           8  main.o(.data)
    SystemCoreClock                          0x20000cb0   Data           4  system_stm32f10x.o(.data)
    AHBPrescTable                            0x20000cb4   Data          16  system_stm32f10x.o(.data)
    POINT_COLOR                              0x20000cc6   Data           2  lcd.o(.data)
    BACK_COLOR                               0x20000cc8   Data           2  lcd.o(.data)
    tp_dev                                   0x20000ccc   Data          52  touch.o(.data)
    CMD_RDX                                  0x20000d00   Data           1  touch.o(.data)
    CMD_RDY                                  0x20000d01   Data           1  touch.o(.data)
    __stdout                                 0x20000d0c   Data           4  usart.o(.data)
    USART_RX_STA                             0x20000d10   Data           2  usart.o(.data)
    map                                      0x20000d28   Data         225  main.o(.bss)
    lcddev                                   0x20000e0a   Data          14  lcd.o(.bss)
    USART_RX_BUF                             0x20000e18   Data         200  usart.o(.bss)
    __libspace_start                         0x20000ee0   Data          96  libspace.o(.bss)
    __temporary_stack_top$libspace           0x20000f40   Data           0  libspace.o(.bss)



==============================================================================

Memory Map of the image

  Image Entry point : 0x08000131

  Load Region LR_IROM1 (Base: 0x08000000, Size: 0x0000cfb8, Max: 0x00080000, ABSOLUTE, COMPRESSED[0x0000cb20])

    Execution Region ER_IROM1 (Base: 0x08000000, Size: 0x0000c290, Max: 0x00080000, ABSOLUTE)

    Base Addr    Size         Type   Attr      Idx    E Section Name        Object

    0x08000000   0x00000130   Data   RO          484    RESET               startup_stm32f10x_hd.o
    0x08000130   0x00000008   Code   RO          630  * !!!main             c_w.l(__main.o)
    0x08000138   0x00000034   Code   RO          880    !!!scatter          c_w.l(__scatter.o)
    0x0800016c   0x00000064   Code   RO          878    !!dclz77c           c_w.l(__dclz77c.o)
    0x080001d0   0x0000001c   Code   RO          882    !!handler_zi        c_w.l(__scatter_zi.o)
    0x080001ec   0x00000000   Code   RO          621    .ARM.Collect$$_printf_percent$$00000000  c_w.l(_printf_percent.o)
    0x080001ec   0x00000006   Code   RO          620    .ARM.Collect$$_printf_percent$$00000009  c_w.l(_printf_d.o)
    0x080001f2   0x00000006   Code   RO          619    .ARM.Collect$$_printf_percent$$0000000C  c_w.l(_printf_x.o)
    0x080001f8   0x00000006   Code   RO          618    .ARM.Collect$$_printf_percent$$00000014  c_w.l(_printf_s.o)
    0x080001fe   0x00000004   Code   RO          703    .ARM.Collect$$_printf_percent$$00000017  c_w.l(_printf_percent_end.o)
    0x08000202   0x00000002   Code   RO          766    .ARM.Collect$$libinit$$00000000  c_w.l(libinit.o)
    0x08000204   0x00000000   Code   RO          769    .ARM.Collect$$libinit$$00000002  c_w.l(libinit2.o)
    0x08000204   0x00000000   Code   RO          771    .ARM.Collect$$libinit$$00000004  c_w.l(libinit2.o)
    0x08000204   0x00000000   Code   RO          774    .ARM.Collect$$libinit$$0000000A  c_w.l(libinit2.o)
    0x08000204   0x00000000   Code   RO          776    .ARM.Collect$$libinit$$0000000C  c_w.l(libinit2.o)
    0x08000204   0x00000000   Code   RO          778    .ARM.Collect$$libinit$$0000000E  c_w.l(libinit2.o)
    0x08000204   0x00000000   Code   RO          781    .ARM.Collect$$libinit$$00000011  c_w.l(libinit2.o)
    0x08000204   0x00000000   Code   RO          783    .ARM.Collect$$libinit$$00000013  c_w.l(libinit2.o)
    0x08000204   0x00000000   Code   RO          785    .ARM.Collect$$libinit$$00000015  c_w.l(libinit2.o)
    0x08000204   0x00000000   Code   RO          787    .ARM.Collect$$libinit$$00000017  c_w.l(libinit2.o)
    0x08000204   0x00000000   Code   RO          789    .ARM.Collect$$libinit$$00000019  c_w.l(libinit2.o)
    0x08000204   0x00000000   Code   RO          791    .ARM.Collect$$libinit$$0000001B  c_w.l(libinit2.o)
    0x08000204   0x00000000   Code   RO          793    .ARM.Collect$$libinit$$0000001D  c_w.l(libinit2.o)
    0x08000204   0x00000000   Code   RO          795    .ARM.Collect$$libinit$$0000001F  c_w.l(libinit2.o)
    0x08000204   0x00000000   Code   RO          797    .ARM.Collect$$libinit$$00000021  c_w.l(libinit2.o)
    0x08000204   0x00000000   Code   RO          799    .ARM.Collect$$libinit$$00000023  c_w.l(libinit2.o)
    0x08000204   0x00000000   Code   RO          801    .ARM.Collect$$libinit$$00000025  c_w.l(libinit2.o)
    0x08000204   0x00000000   Code   RO          805    .ARM.Collect$$libinit$$0000002C  c_w.l(libinit2.o)
    0x08000204   0x00000000   Code   RO          807    .ARM.Collect$$libinit$$0000002E  c_w.l(libinit2.o)
    0x08000204   0x00000000   Code   RO          809    .ARM.Collect$$libinit$$00000030  c_w.l(libinit2.o)
    0x08000204   0x00000000   Code   RO          811    .ARM.Collect$$libinit$$00000032  c_w.l(libinit2.o)
    0x08000204   0x00000002   Code   RO          812    .ARM.Collect$$libinit$$00000033  c_w.l(libinit2.o)
    0x08000206   0x00000002   Code   RO          767    .ARM.Collect$$libshutdown$$00000000  c_w.l(libshutdown.o)
    0x08000208   0x00000000   Code   RO          814    .ARM.Collect$$libshutdown$$00000002  c_w.l(libshutdown2.o)
    0x08000208   0x00000000   Code   RO          816    .ARM.Collect$$libshutdown$$00000004  c_w.l(libshutdown2.o)
    0x08000208   0x00000000   Code   RO          819    .ARM.Collect$$libshutdown$$00000007  c_w.l(libshutdown2.o)
    0x08000208   0x00000000   Code   RO          822    .ARM.Collect$$libshutdown$$0000000A  c_w.l(libshutdown2.o)
    0x08000208   0x00000000   Code   RO          824    .ARM.Collect$$libshutdown$$0000000C  c_w.l(libshutdown2.o)
    0x08000208   0x00000000   Code   RO          827    .ARM.Collect$$libshutdown$$0000000F  c_w.l(libshutdown2.o)
    0x08000208   0x00000002   Code   RO          828    .ARM.Collect$$libshutdown$$00000010  c_w.l(libshutdown2.o)
    0x0800020a   0x00000000   Code   RO          692    .ARM.Collect$$rtentry$$00000000  c_w.l(__rtentry.o)
    0x0800020a   0x00000000   Code   RO          720    .ARM.Collect$$rtentry$$00000002  c_w.l(__rtentry2.o)
    0x0800020a   0x00000006   Code   RO          732    .ARM.Collect$$rtentry$$00000004  c_w.l(__rtentry4.o)
    0x08000210   0x00000000   Code   RO          722    .ARM.Collect$$rtentry$$00000009  c_w.l(__rtentry2.o)
    0x08000210   0x00000004   Code   RO          723    .ARM.Collect$$rtentry$$0000000A  c_w.l(__rtentry2.o)
    0x08000214   0x00000000   Code   RO          725    .ARM.Collect$$rtentry$$0000000C  c_w.l(__rtentry2.o)
    0x08000214   0x00000008   Code   RO          726    .ARM.Collect$$rtentry$$0000000D  c_w.l(__rtentry2.o)
    0x0800021c   0x00000002   Code   RO          693    .ARM.Collect$$rtexit$$00000000  c_w.l(rtexit.o)
    0x0800021e   0x00000000   Code   RO          735    .ARM.Collect$$rtexit$$00000002  c_w.l(rtexit2.o)
    0x0800021e   0x00000004   Code   RO          736    .ARM.Collect$$rtexit$$00000003  c_w.l(rtexit2.o)
    0x08000222   0x00000006   Code   RO          737    .ARM.Collect$$rtexit$$00000004  c_w.l(rtexit2.o)
    0x08000228   0x0000100c   Code   RO            1    .text               main.o
    0x08001234   0x0000001a   Code   RO          159    .text               stm32f10x_it.o
    0x0800124e   0x00000002   PAD
    0x08001250   0x000001e0   Code   RO          200    .text               system_stm32f10x.o
    0x08001430   0x0000004c   Code   RO          218    .text               led.o
    0x0800147c   0x000000d8   Code   RO          230    .text               key.o
    0x08001554   0x00004b08   Code   RO          243    .text               lcd.o
    0x0800605c   0x0000026c   Code   RO          273    .text               myiic.o
    0x080062c8   0x0000017a   Code   RO          285    .text               24cxx.o
    0x08006442   0x00000002   PAD
    0x08006444   0x00000fb4   Code   RO          331    .text               touch.o
    0x080073f8   0x00000284   Code   RO          355    .text               ctiic.o
    0x0800767c   0x0000036c   Code   RO          370    .text               ott2001a.o
    0x080079e8   0x00000338   Code   RO          386    .text               ft5206.o
    0x08007d20   0x00000458   Code   RO          402    .text               gt9147.o
    0x08008178   0x000000d4   Code   RO          418    .text               delay.o
    0x0800824c   0x00000140   Code   RO          449    .text               usart.o
    0x0800838c   0x00000040   Code   RO          485    .text               startup_stm32f10x_hd.o
    0x080083cc   0x000000dc   Code   RO          489    .text               misc.o
    0x080084a8   0x0000060c   Code   RO          501    .text               stm32f10x_fsmc.o
    0x08008ab4   0x0000035c   Code   RO          513    .text               stm32f10x_gpio.o
    0x08008e10   0x000003a4   Code   RO          525    .text               stm32f10x_rcc.o
    0x080091b4   0x00000408   Code   RO          551    .text               stm32f10x_usart.o
    0x080095bc   0x00000002   Code   RO          565    .text               c_w.l(use_no_semi_2.o)
    0x080095be   0x00000002   PAD
    0x080095c0   0x00000018   Code   RO          569    .text               c_w.l(noretval__2printf.o)
    0x080095d8   0x00000068   Code   RO          571    .text               c_w.l(__printf.o)
    0x08009640   0x00000052   Code   RO          573    .text               c_w.l(_printf_str.o)
    0x08009692   0x00000002   PAD
    0x08009694   0x00000078   Code   RO          575    .text               c_w.l(_printf_dec.o)
    0x0800970c   0x00000058   Code   RO          580    .text               c_w.l(_printf_hex_int.o)
    0x08009764   0x00000012   Code   RO          622    .text               c_w.l(exit.o)
    0x08009776   0x00000044   Code   RO          624    .text               c_w.l(rt_memclr.o)
    0x080097ba   0x00000002   PAD
    0x080097bc   0x00000080   Code   RO          626    .text               c_w.l(strcmpv7m.o)
    0x0800983c   0x00000006   Code   RO          628    .text               c_w.l(heapauxi.o)
    0x08009842   0x00000002   Code   RO          690    .text               c_w.l(use_no_semi.o)
    0x08009844   0x00000016   Code   RO          695    .text               c_w.l(_rserrno.o)
    0x0800985a   0x000000b2   Code   RO          697    .text               c_w.l(_printf_intcommon.o)
    0x0800990c   0x0000002c   Code   RO          699    .text               c_w.l(_printf_char.o)
    0x08009938   0x00000024   Code   RO          701    .text               c_w.l(_printf_char_file.o)
    0x0800995c   0x0000004e   Code   RO          704    .text               c_w.l(rt_memclr_w.o)
    0x080099aa   0x00000002   PAD
    0x080099ac   0x00000008   Code   RO          744    .text               c_w.l(rt_errno_addr_intlibspace.o)
    0x080099b4   0x00000030   Code   RO          746    .text               c_w.l(_printf_char_common.o)
    0x080099e4   0x00000008   Code   RO          748    .text               c_w.l(ferror.o)
    0x080099ec   0x00000008   Code   RO          752    .text               c_w.l(libspace.o)
    0x080099f4   0x0000004a   Code   RO          755    .text               c_w.l(sys_stackheap_outer.o)
    0x08009a3e   0x0000004c   Code   RO          683    i.sqrt              m_ws.l(sqrt.o)
    0x08009a8a   0x00000002   PAD
    0x08009a8c   0x00000150   Code   RO          632    x$fpl$dadd          fz_ws.l(daddsub_clz.o)
    0x08009bdc   0x00000018   Code   RO          706    x$fpl$dcmpinf       fz_ws.l(dcmpi.o)
    0x08009bf4   0x0000005a   Code   RO          638    x$fpl$dfixu         fz_ws.l(dfixu.o)
    0x08009c4e   0x0000002e   Code   RO          643    x$fpl$dflt          fz_ws.l(dflt_clz.o)
    0x08009c7c   0x00000026   Code   RO          642    x$fpl$dfltu         fz_ws.l(dflt_clz.o)
    0x08009ca2   0x00000002   PAD
    0x08009ca4   0x00000078   Code   RO          648    x$fpl$dleqf         fz_ws.l(dleqf.o)
    0x08009d1c   0x00000154   Code   RO          650    x$fpl$dmul          fz_ws.l(dmul.o)
    0x08009e70   0x0000009c   Code   RO          708    x$fpl$dnaninf       fz_ws.l(dnaninf.o)
    0x08009f0c   0x0000000c   Code   RO          710    x$fpl$dretinf       fz_ws.l(dretinf.o)
    0x08009f18   0x0000006c   Code   RO          652    x$fpl$drleqf        fz_ws.l(drleqf.o)
    0x08009f84   0x00000016   Code   RO          633    x$fpl$drsb          fz_ws.l(daddsub_clz.o)
    0x08009f9a   0x00000002   PAD
    0x08009f9c   0x000001cc   Code   RO          712    x$fpl$dsqrt         fz_ws.l(dsqrt_noumaal.o)
    0x0800a168   0x000001d4   Code   RO          634    x$fpl$dsub          fz_ws.l(daddsub_clz.o)
    0x0800a33c   0x00000056   Code   RO          654    x$fpl$f2d           fz_ws.l(f2d.o)
    0x0800a392   0x00000002   PAD
    0x0800a394   0x000000c4   Code   RO          656    x$fpl$fadd          fz_ws.l(faddsub_clz.o)
    0x0800a458   0x00000184   Code   RO          663    x$fpl$fdiv          fz_ws.l(fdiv.o)
    0x0800a5dc   0x00000036   Code   RO          666    x$fpl$ffix          fz_ws.l(ffix.o)
    0x0800a612   0x00000002   PAD
    0x0800a614   0x0000003e   Code   RO          670    x$fpl$ffixu         fz_ws.l(ffixu.o)
    0x0800a652   0x00000002   PAD
    0x0800a654   0x00000030   Code   RO          675    x$fpl$fflt          fz_ws.l(fflt_clz.o)
    0x0800a684   0x00000026   Code   RO          674    x$fpl$ffltu         fz_ws.l(fflt_clz.o)
    0x0800a6aa   0x00000002   PAD
    0x0800a6ac   0x00000102   Code   RO          680    x$fpl$fmul          fz_ws.l(fmul.o)
    0x0800a7ae   0x0000008c   Code   RO          714    x$fpl$fnaninf       fz_ws.l(fnaninf.o)
    0x0800a83a   0x0000000a   Code   RO          716    x$fpl$fretinf       fz_ws.l(fretinf.o)
    0x0800a844   0x000000ea   Code   RO          658    x$fpl$fsub          fz_ws.l(faddsub_clz.o)
    0x0800a92e   0x00000000   Code   RO          718    x$fpl$usenofp       fz_ws.l(usenofp.o)
    0x0800a92e   0x000017c0   Data   RO          245    .constdata          lcd.o
    0x0800c0ee   0x00000002   PAD
    0x0800c0f0   0x00000004   Data   RO          332    .constdata          touch.o
    0x0800c0f4   0x0000000a   Data   RO          371    .constdata          ott2001a.o
    0x0800c0fe   0x0000000a   Data   RO          387    .constdata          ft5206.o
    0x0800c108   0x000000c2   Data   RO          403    .constdata          gt9147.o
    0x0800c1ca   0x00000028   Data   RO          581    .constdata          c_w.l(_printf_hex_int.o)
    0x0800c1f2   0x00000002   PAD
    0x0800c1f4   0x00000079   Data   RO          333    .conststring        touch.o
    0x0800c26d   0x00000003   PAD
    0x0800c270   0x00000020   Data   RO          876    Region$$Table       anon$$obj.o


    Execution Region RW_IRAM1 (Base: 0x20000000, Size: 0x00001540, Max: 0x00010000, ABSOLUTE, COMPRESSED[0x00000890])

    Base Addr    Size         Type   Attr      Idx    E Section Name        Object

    0x20000000   0x00000cb0   Data   RW            3    .data               main.o
    0x20000cb0   0x00000014   Data   RW          201    .data               system_stm32f10x.o
    0x20000cc4   0x00000001   Data   RW          231    .data               key.o
    0x20000cc5   0x00000001   PAD
    0x20000cc6   0x00000004   Data   RW          246    .data               lcd.o
    0x20000cca   0x00000002   PAD
    0x20000ccc   0x00000036   Data   RW          334    .data               touch.o
    0x20000d02   0x00000001   Data   RW          372    .data               ott2001a.o
    0x20000d03   0x00000001   Data   RW          388    .data               ft5206.o
    0x20000d04   0x00000001   Data   RW          404    .data               gt9147.o
    0x20000d05   0x00000001   PAD
    0x20000d06   0x00000004   Data   RW          419    .data               delay.o
    0x20000d0a   0x00000002   PAD
    0x20000d0c   0x00000006   Data   RW          451    .data               usart.o
    0x20000d12   0x00000014   Data   RW          526    .data               stm32f10x_rcc.o
    0x20000d26   0x00000002   PAD
    0x20000d28   0x000000e1   Zero   RW            2    .bss                main.o
    0x20000e09   0x00000001   PAD
    0x20000e0a   0x0000000e   Zero   RW          244    .bss                lcd.o
    0x20000e18   0x000000c8   Zero   RW          450    .bss                usart.o
    0x20000ee0   0x00000060   Zero   RW          753    .bss                c_w.l(libspace.o)
    0x20000f40   0x00000200   Zero   RW          483    HEAP                startup_stm32f10x_hd.o
    0x20001140   0x00000400   Zero   RW          482    STACK               startup_stm32f10x_hd.o


==============================================================================

Image component sizes


      Code (inc. data)   RO Data    RW Data    ZI Data      Debug   Object Name

       378          0          0          0          0       2822   24cxx.o
       644         24          0          0          0       2061   ctiic.o
       212         18          0          4          0       1063   delay.o
       824         38         10          1          0       2563   ft5206.o
      1112         74        194          1          0       3094   gt9147.o
       216         14          0          1          0        828   key.o
     19208        150       6080          4         14      23053   lcd.o
        76          8          0          0          0        507   led.o
      4108        184          0       3248        225     248180   main.o
       220         22          0          0          0       1821   misc.o
       620         14          0          0          0       1896   myiic.o
       876         56         10          1          0       2743   ott2001a.o
        64         26        304          0       1536        812   startup_stm32f10x_hd.o
      1548         18          0          0          0       5399   stm32f10x_fsmc.o
       860         38          0          0          0       5753   stm32f10x_gpio.o
        26          0          0          0          0       1190   stm32f10x_it.o
       932         36          0         20          0       8944   stm32f10x_rcc.o
      1032         22          0          0          0       8480   stm32f10x_usart.o
         0          0          0          0          0         32   sys.o
       480         38          0         20          0       1767   system_stm32f10x.o
      4020        222        125         54          0       6881   touch.o
       320         16          0          6        200       3190   usart.o

    ----------------------------------------------------------------------
     37780       1018       6760       3368       1976     333079   Object Totals
         0          0         32          0          0          0   (incl. Generated)
         4          0          5          8          1          0   (incl. Padding)

    ----------------------------------------------------------------------

      Code (inc. data)   RO Data    RW Data    ZI Data      Debug   Library Member Name

       100          0          0          0          0          0   __dclz77c.o
         8          0          0          0          0         68   __main.o
       104          0          0          0          0         84   __printf.o
         0          0          0          0          0          0   __rtentry.o
        12          0          0          0          0          0   __rtentry2.o
         6          0          0          0          0          0   __rtentry4.o
        52          8          0          0          0          0   __scatter.o
        28          0          0          0          0          0   __scatter_zi.o
        44          0          0          0          0        108   _printf_char.o
        48          6          0          0          0         96   _printf_char_common.o
        36          4          0          0          0         80   _printf_char_file.o
         6          0          0          0          0          0   _printf_d.o
       120         16          0          0          0         92   _printf_dec.o
        88          4         40          0          0         88   _printf_hex_int.o
       178          0          0          0          0         88   _printf_intcommon.o
         0          0          0          0          0          0   _printf_percent.o
         4          0          0          0          0          0   _printf_percent_end.o
         6          0          0          0          0          0   _printf_s.o
        82          0          0          0          0         80   _printf_str.o
         6          0          0          0          0          0   _printf_x.o
        22          0          0          0          0        100   _rserrno.o
        18          0          0          0          0         80   exit.o
         8          0          0          0          0         68   ferror.o
         6          0          0          0          0        152   heapauxi.o
         2          0          0          0          0          0   libinit.o
         2          0          0          0          0          0   libinit2.o
         2          0          0          0          0          0   libshutdown.o
         2          0          0          0          0          0   libshutdown2.o
         8          4          0          0         96         68   libspace.o
        24          4          0          0          0         84   noretval__2printf.o
         8          4          0          0          0         68   rt_errno_addr_intlibspace.o
        68          0          0          0          0         68   rt_memclr.o
        78          0          0          0          0         80   rt_memclr_w.o
         2          0          0          0          0          0   rtexit.o
        10          0          0          0          0          0   rtexit2.o
       128          0          0          0          0         68   strcmpv7m.o
        74          0          0          0          0         80   sys_stackheap_outer.o
         2          0          0          0          0         68   use_no_semi.o
         2          0          0          0          0         68   use_no_semi_2.o
       826         16          0          0          0        348   daddsub_clz.o
        24          0          0          0          0         68   dcmpi.o
        90          4          0          0          0         92   dfixu.o
        84          0          0          0          0        136   dflt_clz.o
       120          4          0          0          0         92   dleqf.o
       340         12          0          0          0        104   dmul.o
       156          4          0          0          0         92   dnaninf.o
        12          0          0          0          0         68   dretinf.o
       108          0          0          0          0         80   drleqf.o
       460         56          0          0          0        120   dsqrt_noumaal.o
        86          4          0          0          0         84   f2d.o
       430          8          0          0          0        168   faddsub_clz.o
       388         76          0          0          0         96   fdiv.o
        54          4          0          0          0         84   ffix.o
        62          4          0          0          0         84   ffixu.o
        86          0          0          0          0        136   fflt_clz.o
       258          4          0          0          0         84   fmul.o
       140          4          0          0          0         84   fnaninf.o
        10          0          0          0          0         68   fretinf.o
         0          0          0          0          0          0   usenofp.o
        76          0          0          0          0         84   sqrt.o

    ----------------------------------------------------------------------
      5226        250         42          0         96       4008   Library Totals
        22          0          2          0          0          0   (incl. Padding)

    ----------------------------------------------------------------------

      Code (inc. data)   RO Data    RW Data    ZI Data      Debug   Library Name

      1394         50         40          0         96       1836   c_w.l
      3734        200          0          0          0       2088   fz_ws.l
        76          0          0          0          0         84   m_ws.l

    ----------------------------------------------------------------------
      5226        250         42          0         96       4008   Library Totals

    ----------------------------------------------------------------------

==============================================================================


      Code (inc. data)   RO Data    RW Data    ZI Data      Debug   

     43006       1268       6802       3368       2072     333391   Grand Totals
     43006       1268       6802       2192       2072     333391   ELF Image Totals (compressed)
     43006       1268       6802       2192          0          0   ROM Totals

==============================================================================

    Total RO  Size (Code + RO Data)                49808 (  48.64kB)
    Total RW  Size (RW Data + ZI Data)              5440 (   5.31kB)
    Total ROM Size (Code + RO Data + RW Data)      52000 (  50.78kB)

==============================================================================

